[10.321s] [34mcolcon[0m [1;30mDEBUG[0m [32mCommand line arguments: ['/usr/bin/colcon', 'build', '--symlink-install', '--packages-select', 'm3pro_teacher_vision'][0m
[10.322s] [34mcolcon[0m [1;30mDEBUG[0m [32mParsed command line arguments: Namespace(log_base=None, log_level=None, verb_name='build', build_base='build', install_base='install', merge_install=False, symlink_install=True, test_result_base=None, continue_on_error=False, executor='parallel', parallel_workers=4, event_handlers=None, ignore_user_meta=False, metas=['./colcon.meta'], base_paths=['.'], packages_ignore=None, packages_ignore_regex=None, paths=None, packages_up_to=None, packages_up_to_regex=None, packages_above=None, packages_above_and_dependencies=None, packages_above_depth=None, packages_select_by_dep=None, packages_skip_by_dep=None, packages_skip_up_to=None, packages_select_build_failed=False, packages_skip_build_finished=False, packages_select_test_failures=False, packages_skip_test_passed=False, packages_select=['m3pro_teacher_vision'], packages_skip=None, packages_select_regex=None, packages_skip_regex=None, packages_start=None, packages_end=None, cmake_args=None, cmake_target=None, cmake_target_skip_unavailable=False, cmake_clean_cache=False, cmake_clean_first=False, cmake_force_configure=False, ament_cmake_args=None, catkin_cmake_args=None, catkin_skip_building_tests=False, mixin_files=None, mixin=None, verb_parser=<colcon_mixin.mixin.mixin_argument.MixinArgumentDecorator object at 0x7f9c9a0100>, verb_extension=<colcon_core.verb.build.BuildVerb object at 0x7f9c9a2500>, main=<bound method BuildVerb.main of <colcon_core.verb.build.BuildVerb object at 0x7f9c9a2500>>, mixin_verb=('build',))[0m
[10.676s] [34mcolcon.colcon_core.package_discovery[0m [1;30mLevel 1[0m discover_packages(colcon_meta) check parameters
[10.679s] [34mcolcon.colcon_metadata.package_discovery.colcon_meta[0m [1;30mINFO[0m Using configuration from '/root/.colcon/metadata/default/Gazebo.meta'
[10.681s] [34mcolcon.colcon_metadata.package_discovery.colcon_meta[0m [1;30mINFO[0m Using configuration from '/root/.colcon/metadata/default/fastrtps.meta'
[10.681s] [34mcolcon.colcon_core.package_discovery[0m [1;30mLevel 1[0m discover_packages(recursive) check parameters
[10.682s] [34mcolcon.colcon_core.package_discovery[0m [1;30mLevel 1[0m discover_packages(ignore) check parameters
[10.682s] [34mcolcon.colcon_core.package_discovery[0m [1;30mLevel 1[0m discover_packages(path) check parameters
[10.682s] [34mcolcon.colcon_core.package_discovery[0m [1;30mLevel 1[0m discover_packages(colcon_meta) discover
[10.682s] [34mcolcon.colcon_core.package_discovery[0m [1;30mLevel 1[0m discover_packages(recursive) discover
[10.682s] [34mcolcon.colcon_core.package_discovery[0m [1;30mINFO[0m Crawling recursively for packages in '/root/Robotique-IOT/m3pro_teacher_ws'
[10.683s] [34mcolcon.colcon_core.package_identification[0m [1;30mLevel 1[0m _identify(.) by extensions ['ignore', 'ignore_ament_install']
[10.683s] [34mcolcon.colcon_core.package_identification[0m [1;30mLevel 1[0m _identify(.) by extension 'ignore'
[10.684s] [34mcolcon.colcon_core.package_identification[0m [1;30mLevel 1[0m _identify(.) by extension 'ignore_ament_install'
[10.684s] [34mcolcon.colcon_core.package_identification[0m [1;30mLevel 1[0m _identify(.) by extensions ['colcon_pkg']
[10.684s] [34mcolcon.colcon_core.package_identification[0m [1;30mLevel 1[0m _identify(.) by extension 'colcon_pkg'
[10.684s] [34mcolcon.colcon_core.package_identification[0m [1;30mLevel 1[0m _identify(.) by extensions ['colcon_meta']
[10.684s] [34mcolcon.colcon_core.package_identification[0m [1;30mLevel 1[0m _identify(.) by extension 'colcon_meta'
[10.685s] [34mcolcon.colcon_core.package_identification[0m [1;30mLevel 1[0m _identify(.) by extensions ['ros']
[10.685s] [34mcolcon.colcon_core.package_identification[0m [1;30mLevel 1[0m _identify(.) by extension 'ros'
[10.743s] [34mcolcon.colcon_core.package_identification[0m [1;30mLevel 1[0m _identify(.) by extensions ['cmake', 'python']
[10.744s] [34mcolcon.colcon_core.package_identification[0m [1;30mLevel 1[0m _identify(.) by extension 'cmake'
[10.744s] [34mcolcon.colcon_core.package_identification[0m [1;30mLevel 1[0m _identify(.) by extension 'python'
[10.744s] [34mcolcon.colcon_core.package_identification[0m [1;30mLevel 1[0m _identify(.) by extensions ['python_setup_py']
[10.744s] [34mcolcon.colcon_core.package_identification[0m [1;30mLevel 1[0m _identify(.) by extension 'python_setup_py'
[10.745s] [34mcolcon.colcon_core.package_identification[0m [1;30mLevel 1[0m _identify(Log) by extensions ['ignore', 'ignore_ament_install']
[10.746s] [34mcolcon.colcon_core.package_identification[0m [1;30mLevel 1[0m _identify(Log) by extension 'ignore'
[10.746s] [34mcolcon.colcon_core.package_identification[0m [1;30mLevel 1[0m _identify(Log) by extension 'ignore_ament_install'
[10.746s] [34mcolcon.colcon_core.package_identification[0m [1;30mLevel 1[0m _identify(Log) by extensions ['colcon_pkg']
[10.747s] [34mcolcon.colcon_core.package_identification[0m [1;30mLevel 1[0m _identify(Log) by extension 'colcon_pkg'
[10.747s] [34mcolcon.colcon_core.package_identification[0m [1;30mLevel 1[0m _identify(Log) by extensions ['colcon_meta']
[10.747s] [34mcolcon.colcon_core.package_identification[0m [1;30mLevel 1[0m _identify(Log) by extension 'colcon_meta'
[10.747s] [34mcolcon.colcon_core.package_identification[0m [1;30mLevel 1[0m _identify(Log) by extensions ['ros']
[10.747s] [34mcolcon.colcon_core.package_identification[0m [1;30mLevel 1[0m _identify(Log) by extension 'ros'
[10.748s] [34mcolcon.colcon_core.package_identification[0m [1;30mLevel 1[0m _identify(Log) by extensions ['cmake', 'python']
[10.748s] [34mcolcon.colcon_core.package_identification[0m [1;30mLevel 1[0m _identify(Log) by extension 'cmake'
[10.748s] [34mcolcon.colcon_core.package_identification[0m [1;30mLevel 1[0m _identify(Log) by extension 'python'
[10.748s] [34mcolcon.colcon_core.package_identification[0m [1;30mLevel 1[0m _identify(Log) by extensions ['python_setup_py']
[10.748s] [34mcolcon.colcon_core.package_identification[0m [1;30mLevel 1[0m _identify(Log) by extension 'python_setup_py'
[10.749s] [34mcolcon.colcon_core.package_identification[0m [1;30mLevel 1[0m _identify(build) by extensions ['ignore', 'ignore_ament_install']
[10.749s] [34mcolcon.colcon_core.package_identification[0m [1;30mLevel 1[0m _identify(build) by extension 'ignore'
[10.749s] [34mcolcon.colcon_core.package_identification[0m [1;30mLevel 1[0m _identify(build) ignored
[10.750s] [34mcolcon.colcon_core.package_identification[0m [1;30mLevel 1[0m _identify(install) by extensions ['ignore', 'ignore_ament_install']
[10.750s] [34mcolcon.colcon_core.package_identification[0m [1;30mLevel 1[0m _identify(install) by extension 'ignore'
[10.751s] [34mcolcon.colcon_core.package_identification[0m [1;30mLevel 1[0m _identify(install) ignored
[10.751s] [34mcolcon.colcon_core.package_identification[0m [1;30mLevel 1[0m _identify(log) by extensions ['ignore', 'ignore_ament_install']
[10.752s] [34mcolcon.colcon_core.package_identification[0m [1;30mLevel 1[0m _identify(log) by extension 'ignore'
[10.752s] [34mcolcon.colcon_core.package_identification[0m [1;30mLevel 1[0m _identify(log) ignored
[10.752s] [34mcolcon.colcon_core.package_identification[0m [1;30mLevel 1[0m _identify(scripts) by extensions ['ignore', 'ignore_ament_install']
[10.753s] [34mcolcon.colcon_core.package_identification[0m [1;30mLevel 1[0m _identify(scripts) by extension 'ignore'
[10.753s] [34mcolcon.colcon_core.package_identification[0m [1;30mLevel 1[0m _identify(scripts) by extension 'ignore_ament_install'
[10.753s] [34mcolcon.colcon_core.package_identification[0m [1;30mLevel 1[0m _identify(scripts) by extensions ['colcon_pkg']
[10.753s] [34mcolcon.colcon_core.package_identification[0m [1;30mLevel 1[0m _identify(scripts) by extension 'colcon_pkg'
[10.753s] [34mcolcon.colcon_core.package_identification[0m [1;30mLevel 1[0m _identify(scripts) by extensions ['colcon_meta']
[10.754s] [34mcolcon.colcon_core.package_identification[0m [1;30mLevel 1[0m _identify(scripts) by extension 'colcon_meta'
[10.754s] [34mcolcon.colcon_core.package_identification[0m [1;30mLevel 1[0m _identify(scripts) by extensions ['ros']
[10.754s] [34mcolcon.colcon_core.package_identification[0m [1;30mLevel 1[0m _identify(scripts) by extension 'ros'
[10.754s] [34mcolcon.colcon_core.package_identification[0m [1;30mLevel 1[0m _identify(scripts) by extensions ['cmake', 'python']
[10.755s] [34mcolcon.colcon_core.package_identification[0m [1;30mLevel 1[0m _identify(scripts) by extension 'cmake'
[10.755s] [34mcolcon.colcon_core.package_identification[0m [1;30mLevel 1[0m _identify(scripts) by extension 'python'
[10.755s] [34mcolcon.colcon_core.package_identification[0m [1;30mLevel 1[0m _identify(scripts) by extensions ['python_setup_py']
[10.755s] [34mcolcon.colcon_core.package_identification[0m [1;30mLevel 1[0m _identify(scripts) by extension 'python_setup_py'
[10.756s] [34mcolcon.colcon_core.package_identification[0m [1;30mLevel 1[0m _identify(src) by extensions ['ignore', 'ignore_ament_install']
[10.756s] [34mcolcon.colcon_core.package_identification[0m [1;30mLevel 1[0m _identify(src) by extension 'ignore'
[10.756s] [34mcolcon.colcon_core.package_identification[0m [1;30mLevel 1[0m _identify(src) by extension 'ignore_ament_install'
[10.757s] [34mcolcon.colcon_core.package_identification[0m [1;30mLevel 1[0m _identify(src) by extensions ['colcon_pkg']
[10.757s] [34mcolcon.colcon_core.package_identification[0m [1;30mLevel 1[0m _identify(src) by extension 'colcon_pkg'
[10.757s] [34mcolcon.colcon_core.package_identification[0m [1;30mLevel 1[0m _identify(src) by extensions ['colcon_meta']
[10.757s] [34mcolcon.colcon_core.package_identification[0m [1;30mLevel 1[0m _identify(src) by extension 'colcon_meta'
[10.757s] [34mcolcon.colcon_core.package_identification[0m [1;30mLevel 1[0m _identify(src) by extensions ['ros']
[10.758s] [34mcolcon.colcon_core.package_identification[0m [1;30mLevel 1[0m _identify(src) by extension 'ros'
[10.758s] [34mcolcon.colcon_core.package_identification[0m [1;30mLevel 1[0m _identify(src) by extensions ['cmake', 'python']
[10.758s] [34mcolcon.colcon_core.package_identification[0m [1;30mLevel 1[0m _identify(src) by extension 'cmake'
[10.759s] [34mcolcon.colcon_core.package_identification[0m [1;30mLevel 1[0m _identify(src) by extension 'python'
[10.759s] [34mcolcon.colcon_core.package_identification[0m [1;30mLevel 1[0m _identify(src) by extensions ['python_setup_py']
[10.759s] [34mcolcon.colcon_core.package_identification[0m [1;30mLevel 1[0m _identify(src) by extension 'python_setup_py'
[10.760s] [34mcolcon.colcon_core.package_identification[0m [1;30mLevel 1[0m _identify(src/m3pro_teacher_demos) by extensions ['ignore', 'ignore_ament_install']
[10.760s] [34mcolcon.colcon_core.package_identification[0m [1;30mLevel 1[0m _identify(src/m3pro_teacher_demos) by extension 'ignore'
[10.760s] [34mcolcon.colcon_core.package_identification[0m [1;30mLevel 1[0m _identify(src/m3pro_teacher_demos) by extension 'ignore_ament_install'
[10.761s] [34mcolcon.colcon_core.package_identification[0m [1;30mLevel 1[0m _identify(src/m3pro_teacher_demos) by extensions ['colcon_pkg']
[10.761s] [34mcolcon.colcon_core.package_identification[0m [1;30mLevel 1[0m _identify(src/m3pro_teacher_demos) by extension 'colcon_pkg'
[10.761s] [34mcolcon.colcon_core.package_identification[0m [1;30mLevel 1[0m _identify(src/m3pro_teacher_demos) by extensions ['colcon_meta']
[10.761s] [34mcolcon.colcon_core.package_identification[0m [1;30mLevel 1[0m _identify(src/m3pro_teacher_demos) by extension 'colcon_meta'
[10.762s] [34mcolcon.colcon_core.package_identification[0m [1;30mLevel 1[0m _identify(src/m3pro_teacher_demos) by extensions ['ros']
[10.762s] [34mcolcon.colcon_core.package_identification[0m [1;30mLevel 1[0m _identify(src/m3pro_teacher_demos) by extension 'ros'
[10.775s] [34mcolcon.colcon_core.package_identification[0m [1;30mDEBUG[0m [32mPackage 'src/m3pro_teacher_demos' with type 'ros.ament_python' and name 'm3pro_teacher_demos'[0m
[10.776s] [34mcolcon.colcon_core.package_identification[0m [1;30mLevel 1[0m _identify(src/m3pro_teacher_description) by extensions ['ignore', 'ignore_ament_install']
[10.776s] [34mcolcon.colcon_core.package_identification[0m [1;30mLevel 1[0m _identify(src/m3pro_teacher_description) by extension 'ignore'
[10.777s] [34mcolcon.colcon_core.package_identification[0m [1;30mLevel 1[0m _identify(src/m3pro_teacher_description) by extension 'ignore_ament_install'
[10.777s] [34mcolcon.colcon_core.package_identification[0m [1;30mLevel 1[0m _identify(src/m3pro_teacher_description) by extensions ['colcon_pkg']
[10.777s] [34mcolcon.colcon_core.package_identification[0m [1;30mLevel 1[0m _identify(src/m3pro_teacher_description) by extension 'colcon_pkg'
[10.777s] [34mcolcon.colcon_core.package_identification[0m [1;30mLevel 1[0m _identify(src/m3pro_teacher_description) by extensions ['colcon_meta']
[10.777s] [34mcolcon.colcon_core.package_identification[0m [1;30mLevel 1[0m _identify(src/m3pro_teacher_description) by extension 'colcon_meta'
[10.778s] [34mcolcon.colcon_core.package_identification[0m [1;30mLevel 1[0m _identify(src/m3pro_teacher_description) by extensions ['ros']
[10.778s] [34mcolcon.colcon_core.package_identification[0m [1;30mLevel 1[0m _identify(src/m3pro_teacher_description) by extension 'ros'
[10.780s] [34mcolcon.colcon_core.package_identification[0m [1;30mDEBUG[0m [32mPackage 'src/m3pro_teacher_description' with type 'ros.ament_cmake' and name 'm3pro_teacher_description'[0m
[10.781s] [34mcolcon.colcon_core.package_identification[0m [1;30mLevel 1[0m _identify(src/m3pro_teacher_interfaces) by extensions ['ignore', 'ignore_ament_install']
[10.782s] [34mcolcon.colcon_core.package_identification[0m [1;30mLevel 1[0m _identify(src/m3pro_teacher_interfaces) by extension 'ignore'
[10.782s] [34mcolcon.colcon_core.package_identification[0m [1;30mLevel 1[0m _identify(src/m3pro_teacher_interfaces) by extension 'ignore_ament_install'
[10.782s] [34mcolcon.colcon_core.package_identification[0m [1;30mLevel 1[0m _identify(src/m3pro_teacher_interfaces) by extensions ['colcon_pkg']
[10.783s] [34mcolcon.colcon_core.package_identification[0m [1;30mLevel 1[0m _identify(src/m3pro_teacher_interfaces) by extension 'colcon_pkg'
[10.783s] [34mcolcon.colcon_core.package_identification[0m [1;30mLevel 1[0m _identify(src/m3pro_teacher_interfaces) by extensions ['colcon_meta']
[10.783s] [34mcolcon.colcon_core.package_identification[0m [1;30mLevel 1[0m _identify(src/m3pro_teacher_interfaces) by extension 'colcon_meta'
[10.783s] [34mcolcon.colcon_core.package_identification[0m [1;30mLevel 1[0m _identify(src/m3pro_teacher_interfaces) by extensions ['ros']
[10.784s] [34mcolcon.colcon_core.package_identification[0m [1;30mLevel 1[0m _identify(src/m3pro_teacher_interfaces) by extension 'ros'
[10.786s] [34mcolcon.colcon_core.package_identification[0m [1;30mDEBUG[0m [32mPackage 'src/m3pro_teacher_interfaces' with type 'ros.ament_cmake' and name 'm3pro_teacher_interfaces'[0m
[10.787s] [34mcolcon.colcon_core.package_identification[0m [1;30mLevel 1[0m _identify(src/m3pro_teacher_nav) by extensions ['ignore', 'ignore_ament_install']
[10.787s] [34mcolcon.colcon_core.package_identification[0m [1;30mLevel 1[0m _identify(src/m3pro_teacher_nav) by extension 'ignore'
[10.787s] [34mcolcon.colcon_core.package_identification[0m [1;30mLevel 1[0m _identify(src/m3pro_teacher_nav) by extension 'ignore_ament_install'
[10.788s] [34mcolcon.colcon_core.package_identification[0m [1;30mLevel 1[0m _identify(src/m3pro_teacher_nav) by extensions ['colcon_pkg']
[10.788s] [34mcolcon.colcon_core.package_identification[0m [1;30mLevel 1[0m _identify(src/m3pro_teacher_nav) by extension 'colcon_pkg'
[10.788s] [34mcolcon.colcon_core.package_identification[0m [1;30mLevel 1[0m _identify(src/m3pro_teacher_nav) by extensions ['colcon_meta']
[10.788s] [34mcolcon.colcon_core.package_identification[0m [1;30mLevel 1[0m _identify(src/m3pro_teacher_nav) by extension 'colcon_meta'
[10.789s] [34mcolcon.colcon_core.package_identification[0m [1;30mLevel 1[0m _identify(src/m3pro_teacher_nav) by extensions ['ros']
[10.789s] [34mcolcon.colcon_core.package_identification[0m [1;30mLevel 1[0m _identify(src/m3pro_teacher_nav) by extension 'ros'
[10.791s] [34mcolcon.colcon_core.package_identification[0m [1;30mDEBUG[0m [32mPackage 'src/m3pro_teacher_nav' with type 'ros.ament_cmake' and name 'm3pro_teacher_nav'[0m
[10.792s] [34mcolcon.colcon_core.package_identification[0m [1;30mLevel 1[0m _identify(src/m3pro_teacher_vision) by extensions ['ignore', 'ignore_ament_install']
[10.792s] [34mcolcon.colcon_core.package_identification[0m [1;30mLevel 1[0m _identify(src/m3pro_teacher_vision) by extension 'ignore'
[10.793s] [34mcolcon.colcon_core.package_identification[0m [1;30mLevel 1[0m _identify(src/m3pro_teacher_vision) by extension 'ignore_ament_install'
[10.793s] [34mcolcon.colcon_core.package_identification[0m [1;30mLevel 1[0m _identify(src/m3pro_teacher_vision) by extensions ['colcon_pkg']
[10.793s] [34mcolcon.colcon_core.package_identification[0m [1;30mLevel 1[0m _identify(src/m3pro_teacher_vision) by extension 'colcon_pkg'
[10.793s] [34mcolcon.colcon_core.package_identification[0m [1;30mLevel 1[0m _identify(src/m3pro_teacher_vision) by extensions ['colcon_meta']
[10.793s] [34mcolcon.colcon_core.package_identification[0m [1;30mLevel 1[0m _identify(src/m3pro_teacher_vision) by extension 'colcon_meta'
[10.794s] [34mcolcon.colcon_core.package_identification[0m [1;30mLevel 1[0m _identify(src/m3pro_teacher_vision) by extensions ['ros']
[10.794s] [34mcolcon.colcon_core.package_identification[0m [1;30mLevel 1[0m _identify(src/m3pro_teacher_vision) by extension 'ros'
[10.797s] [34mcolcon.colcon_core.package_identification[0m [1;30mDEBUG[0m [32mPackage 'src/m3pro_teacher_vision' with type 'ros.ament_python' and name 'm3pro_teacher_vision'[0m
[10.798s] [34mcolcon.colcon_core.package_identification[0m [1;30mLevel 1[0m _identify(src/m3pro_teacher_web) by extensions ['ignore', 'ignore_ament_install']
[10.798s] [34mcolcon.colcon_core.package_identification[0m [1;30mLevel 1[0m _identify(src/m3pro_teacher_web) by extension 'ignore'
[10.799s] [34mcolcon.colcon_core.package_identification[0m [1;30mLevel 1[0m _identify(src/m3pro_teacher_web) by extension 'ignore_ament_install'
[10.799s] [34mcolcon.colcon_core.package_identification[0m [1;30mLevel 1[0m _identify(src/m3pro_teacher_web) by extensions ['colcon_pkg']
[10.799s] [34mcolcon.colcon_core.package_identification[0m [1;30mLevel 1[0m _identify(src/m3pro_teacher_web) by extension 'colcon_pkg'
[10.799s] [34mcolcon.colcon_core.package_identification[0m [1;30mLevel 1[0m _identify(src/m3pro_teacher_web) by extensions ['colcon_meta']
[10.799s] [34mcolcon.colcon_core.package_identification[0m [1;30mLevel 1[0m _identify(src/m3pro_teacher_web) by extension 'colcon_meta'
[10.800s] [34mcolcon.colcon_core.package_identification[0m [1;30mLevel 1[0m _identify(src/m3pro_teacher_web) by extensions ['ros']
[10.800s] [34mcolcon.colcon_core.package_identification[0m [1;30mLevel 1[0m _identify(src/m3pro_teacher_web) by extension 'ros'
[10.802s] [34mcolcon.colcon_core.package_identification[0m [1;30mDEBUG[0m [32mPackage 'src/m3pro_teacher_web' with type 'ros.ament_python' and name 'm3pro_teacher_web'[0m
[10.802s] [34mcolcon.colcon_core.package_discovery[0m [1;30mLevel 1[0m discover_packages(recursive) using defaults
[10.803s] [34mcolcon.colcon_core.package_discovery[0m [1;30mLevel 1[0m discover_packages(ignore) discover
[10.803s] [34mcolcon.colcon_core.package_discovery[0m [1;30mLevel 1[0m discover_packages(ignore) using defaults
[10.803s] [34mcolcon.colcon_core.package_discovery[0m [1;30mLevel 1[0m discover_packages(path) discover
[10.803s] [34mcolcon.colcon_core.package_discovery[0m [1;30mLevel 1[0m discover_packages(path) using defaults
[11.255s] [34mcolcon.colcon_core.package_selection[0m [1;30mINFO[0m Skipping not selected package 'm3pro_teacher_description' in 'src/m3pro_teacher_description'
[11.256s] [34mcolcon.colcon_core.package_selection[0m [1;30mINFO[0m Skipping not selected package 'm3pro_teacher_interfaces' in 'src/m3pro_teacher_interfaces'
[11.256s] [34mcolcon.colcon_core.package_selection[0m [1;30mINFO[0m Skipping not selected package 'm3pro_teacher_demos' in 'src/m3pro_teacher_demos'
[11.256s] [34mcolcon.colcon_core.package_selection[0m [1;30mINFO[0m Skipping not selected package 'm3pro_teacher_nav' in 'src/m3pro_teacher_nav'
[11.256s] [34mcolcon.colcon_core.package_selection[0m [1;30mINFO[0m Skipping not selected package 'm3pro_teacher_web' in 'src/m3pro_teacher_web'
[11.387s] [34mcolcon.colcon_core.verb[0m [1;30mLevel 5[0m set package 'm3pro_teacher_vision' build argument 'cmake_args' from command line to 'None'
[11.388s] [34mcolcon.colcon_core.verb[0m [1;30mLevel 5[0m set package 'm3pro_teacher_vision' build argument 'cmake_target' from command line to 'None'
[11.388s] [34mcolcon.colcon_core.verb[0m [1;30mLevel 5[0m set package 'm3pro_teacher_vision' build argument 'cmake_target_skip_unavailable' from command line to 'False'
[11.388s] [34mcolcon.colcon_core.verb[0m [1;30mLevel 5[0m set package 'm3pro_teacher_vision' build argument 'cmake_clean_cache' from command line to 'False'
[11.388s] [34mcolcon.colcon_core.verb[0m [1;30mLevel 5[0m set package 'm3pro_teacher_vision' build argument 'cmake_clean_first' from command line to 'False'
[11.388s] [34mcolcon.colcon_core.verb[0m [1;30mLevel 5[0m set package 'm3pro_teacher_vision' build argument 'cmake_force_configure' from command line to 'False'
[11.388s] [34mcolcon.colcon_core.verb[0m [1;30mLevel 5[0m set package 'm3pro_teacher_vision' build argument 'ament_cmake_args' from command line to 'None'
[11.389s] [34mcolcon.colcon_core.verb[0m [1;30mLevel 5[0m set package 'm3pro_teacher_vision' build argument 'catkin_cmake_args' from command line to 'None'
[11.389s] [34mcolcon.colcon_core.verb[0m [1;30mLevel 5[0m set package 'm3pro_teacher_vision' build argument 'catkin_skip_building_tests' from command line to 'False'
[11.389s] [34mcolcon.colcon_core.verb[0m [1;30mDEBUG[0m [32mBuilding package 'm3pro_teacher_vision' with the following arguments: {'ament_cmake_args': None, 'build_base': '/root/Robotique-IOT/m3pro_teacher_ws/build/m3pro_teacher_vision', 'catkin_cmake_args': None, 'catkin_skip_building_tests': False, 'cmake_args': None, 'cmake_clean_cache': False, 'cmake_clean_first': False, 'cmake_force_configure': False, 'cmake_target': None, 'cmake_target_skip_unavailable': False, 'install_base': '/root/Robotique-IOT/m3pro_teacher_ws/install/m3pro_teacher_vision', 'merge_install': False, 'path': '/root/Robotique-IOT/m3pro_teacher_ws/src/m3pro_teacher_vision', 'symlink_install': True, 'test_result_base': None}[0m
[11.497s] [34mcolcon.colcon_core.executor[0m [1;30mINFO[0m Executing jobs using 'parallel' executor
[11.610s] [34mcolcon.colcon_parallel_executor.executor.parallel[0m [1;30mDEBUG[0m [32mrun_until_complete[0m
[11.612s] [34mcolcon.colcon_ros.task.ament_python.build[0m [1;30mINFO[0m Building ROS package in '/root/Robotique-IOT/m3pro_teacher_ws/src/m3pro_teacher_vision' with build type 'ament_python'
[11.612s] [34mcolcon.colcon_core.shell[0m [1;30mLevel 1[0m create_environment_hook('m3pro_teacher_vision', 'ament_prefix_path')
[11.736s] [34mcolcon.colcon_core.plugin_system[0m [1;30mINFO[0m Skipping extension 'colcon_core.shell.bat': Not used on non-Windows systems
[11.737s] [34mcolcon.colcon_core.shell[0m [1;30mINFO[0m Creating environment hook '/root/Robotique-IOT/m3pro_teacher_ws/install/m3pro_teacher_vision/share/m3pro_teacher_vision/hook/ament_prefix_path.ps1'
[11.740s] [34mcolcon.colcon_core.shell[0m [1;30mINFO[0m Creating environment descriptor '/root/Robotique-IOT/m3pro_teacher_ws/install/m3pro_teacher_vision/share/m3pro_teacher_vision/hook/ament_prefix_path.dsv'
[11.741s] [34mcolcon.colcon_core.shell[0m [1;30mINFO[0m Creating environment hook '/root/Robotique-IOT/m3pro_teacher_ws/install/m3pro_teacher_vision/share/m3pro_teacher_vision/hook/ament_prefix_path.sh'
[11.852s] [34mcolcon.colcon_core.shell[0m [1;30mINFO[0m Skip shell extension 'powershell' for command environment: Not usable outside of PowerShell
[11.852s] [34mcolcon.colcon_core.shell[0m [1;30mDEBUG[0m [32mSkip shell extension 'dsv' for command environment[0m
[14.244s] [34mcolcon.colcon_core.task.python.build[0m [1;30mINFO[0m Building Python package in '/root/Robotique-IOT/m3pro_teacher_ws/src/m3pro_teacher_vision'
[14.357s] [34mcolcon.colcon_core.shell[0m [1;30mINFO[0m Skip shell extension 'powershell' for command environment: Not usable outside of PowerShell
[14.357s] [34mcolcon.colcon_core.shell[0m [1;30mDEBUG[0m [32mSkip shell extension 'dsv' for command environment[0m
[17.180s] [34mcolcon.colcon_core.event_handler.log_command[0m [1;30mDEBUG[0m [32mInvoking command in '/root/Robotique-IOT/m3pro_teacher_ws/build/m3pro_teacher_vision': CMAKE_PREFIX_PATH=/root/Robotique-IOT/m3pro_teacher_ws/install/m3pro_teacher_interfaces:/root/Robotique-IOT/m3pro_teacher_ws/install/m3pro_teacher_nav:/root/Robotique-IOT/m3pro_teacher_ws/install/m3pro_teacher_description:/root/yahboomcar_ws/install/yahboomcar_msgs:/root/yahboomcar_ws/install/M3Pro_config:/root/yahboomcar_ws/install/test_config:/root/yahboomcar_ws/install/orbbec_description:/root/yahboomcar_ws/install/orbbec_camera:/root/yahboomcar_ws/install/orbbec_camera_msgs:/root/yahboomcar_ws/install/arm_msgs:/root/yahboomcar_ws/install/arm_kin:/root/yahboomcar_ws/install/M3Pro_KCF:/root/yahboomcar_ws/install/arm_interface:/root/M3Pro_ws/install/yahboom_web_savmap_interfaces:/root/M3Pro_ws/install/yahboom_mapping:/root/M3Pro_ws/install/yahboom_laser_filter:/root/M3Pro_ws/install/updatecostmap:/root/M3Pro_ws/install/slam_mapping:/root/M3Pro_ws/install/slam_gmapping:/root/M3Pro_ws/install/imu_tools:/root/M3Pro_ws/install/rviz_imu_plugin:/root/M3Pro_ws/install/robot_pose_publisher_ros2:/root/M3Pro_ws/install/openslam_gmapping:/root/M3Pro_ws/install/ira_laser_tools:/root/M3Pro_ws/install/interfaces:/root/M3Pro_ws/install/imu_filter_madgwick:/root/M3Pro_ws/install/imu_complementary_filter:/root/M3Pro_ws/install/M3Pro_navigation:/root/M3Pro_ws/install/M3Pro_KCF:/root/M3Pro_ws/install/M3Pro PYTHONPATH=/root/Robotique-IOT/m3pro_teacher_ws/build/m3pro_teacher_vision/prefix_override:/root/Robotique-IOT/m3pro_teacher_ws/install/m3pro_teacher_vision/lib/python3.10/site-packages:${PYTHONPATH} /usr/bin/python3 setup.py develop --editable --build-directory /root/Robotique-IOT/m3pro_teacher_ws/build/m3pro_teacher_vision/build --no-deps install_data[0m
[20.311s] [34mcolcon.colcon_core.shell[0m [1;30mLevel 1[0m create_environment_hook('m3pro_teacher_vision', 'pythonpath_develop')
[20.312s] [34mcolcon.colcon_core.event_handler.log_command[0m [1;30mDEBUG[0m [32mInvoked command in '/root/Robotique-IOT/m3pro_teacher_ws/build/m3pro_teacher_vision' returned '0': CMAKE_PREFIX_PATH=/root/Robotique-IOT/m3pro_teacher_ws/install/m3pro_teacher_interfaces:/root/Robotique-IOT/m3pro_teacher_ws/install/m3pro_teacher_nav:/root/Robotique-IOT/m3pro_teacher_ws/install/m3pro_teacher_description:/root/yahboomcar_ws/install/yahboomcar_msgs:/root/yahboomcar_ws/install/M3Pro_config:/root/yahboomcar_ws/install/test_config:/root/yahboomcar_ws/install/orbbec_description:/root/yahboomcar_ws/install/orbbec_camera:/root/yahboomcar_ws/install/orbbec_camera_msgs:/root/yahboomcar_ws/install/arm_msgs:/root/yahboomcar_ws/install/arm_kin:/root/yahboomcar_ws/install/M3Pro_KCF:/root/yahboomcar_ws/install/arm_interface:/root/M3Pro_ws/install/yahboom_web_savmap_interfaces:/root/M3Pro_ws/install/yahboom_mapping:/root/M3Pro_ws/install/yahboom_laser_filter:/root/M3Pro_ws/install/updatecostmap:/root/M3Pro_ws/install/slam_mapping:/root/M3Pro_ws/install/slam_gmapping:/root/M3Pro_ws/install/imu_tools:/root/M3Pro_ws/install/rviz_imu_plugin:/root/M3Pro_ws/install/robot_pose_publisher_ros2:/root/M3Pro_ws/install/openslam_gmapping:/root/M3Pro_ws/install/ira_laser_tools:/root/M3Pro_ws/install/interfaces:/root/M3Pro_ws/install/imu_filter_madgwick:/root/M3Pro_ws/install/imu_complementary_filter:/root/M3Pro_ws/install/M3Pro_navigation:/root/M3Pro_ws/install/M3Pro_KCF:/root/M3Pro_ws/install/M3Pro PYTHONPATH=/root/Robotique-IOT/m3pro_teacher_ws/build/m3pro_teacher_vision/prefix_override:/root/Robotique-IOT/m3pro_teacher_ws/install/m3pro_teacher_vision/lib/python3.10/site-packages:${PYTHONPATH} /usr/bin/python3 setup.py develop --editable --build-directory /root/Robotique-IOT/m3pro_teacher_ws/build/m3pro_teacher_vision/build --no-deps install_data[0m
[20.428s] [34mcolcon.colcon_core.shell[0m [1;30mINFO[0m Creating environment hook '/root/Robotique-IOT/m3pro_teacher_ws/build/m3pro_teacher_vision/share/m3pro_teacher_vision/hook/pythonpath_develop.ps1'
[20.429s] [34mcolcon.colcon_core.shell[0m [1;30mINFO[0m Creating environment descriptor '/root/Robotique-IOT/m3pro_teacher_ws/build/m3pro_teacher_vision/share/m3pro_teacher_vision/hook/pythonpath_develop.dsv'
[20.431s] [34mcolcon.colcon_core.shell[0m [1;30mINFO[0m Creating environment hook '/root/Robotique-IOT/m3pro_teacher_ws/build/m3pro_teacher_vision/share/m3pro_teacher_vision/hook/pythonpath_develop.sh'
[20.560s] [34mcolcon.colcon_core.environment[0m [1;30mLevel 1[0m checking '/root/Robotique-IOT/m3pro_teacher_ws/install/m3pro_teacher_vision' for CMake module files
[20.562s] [34mcolcon.colcon_core.environment[0m [1;30mLevel 1[0m checking '/root/Robotique-IOT/m3pro_teacher_ws/install/m3pro_teacher_vision' for CMake config files
[20.566s] [34mcolcon.colcon_core.environment[0m [1;30mLevel 1[0m checking '/root/Robotique-IOT/m3pro_teacher_ws/install/m3pro_teacher_vision/lib'
[20.567s] [34mcolcon.colcon_core.environment[0m [1;30mLevel 1[0m checking '/root/Robotique-IOT/m3pro_teacher_ws/install/m3pro_teacher_vision/bin'
[20.567s] [34mcolcon.colcon_core.environment[0m [1;30mLevel 1[0m checking '/root/Robotique-IOT/m3pro_teacher_ws/install/m3pro_teacher_vision/lib/pkgconfig/m3pro_teacher_vision.pc'
[20.569s] [34mcolcon.colcon_core.environment[0m [1;30mLevel 1[0m checking '/root/Robotique-IOT/m3pro_teacher_ws/install/m3pro_teacher_vision/lib/python3.10/site-packages'
[20.569s] [34mcolcon.colcon_core.shell[0m [1;30mLevel 1[0m create_environment_hook('m3pro_teacher_vision', 'pythonpath')
[20.680s] [34mcolcon.colcon_core.shell[0m [1;30mINFO[0m Creating environment hook '/root/Robotique-IOT/m3pro_teacher_ws/install/m3pro_teacher_vision/share/m3pro_teacher_vision/hook/pythonpath.ps1'
[20.681s] [34mcolcon.colcon_core.shell[0m [1;30mINFO[0m Creating environment descriptor '/root/Robotique-IOT/m3pro_teacher_ws/install/m3pro_teacher_vision/share/m3pro_teacher_vision/hook/pythonpath.dsv'
[20.683s] [34mcolcon.colcon_core.shell[0m [1;30mINFO[0m Creating environment hook '/root/Robotique-IOT/m3pro_teacher_ws/install/m3pro_teacher_vision/share/m3pro_teacher_vision/hook/pythonpath.sh'
[20.685s] [34mcolcon.colcon_core.environment[0m [1;30mLevel 1[0m checking '/root/Robotique-IOT/m3pro_teacher_ws/install/m3pro_teacher_vision/bin'
[20.686s] [34mcolcon.colcon_core.environment[0m [1;30mLevel 1[0m create_environment_scripts_only(m3pro_teacher_vision)
[20.799s] [34mcolcon.colcon_core.shell[0m [1;30mINFO[0m Creating package script '/root/Robotique-IOT/m3pro_teacher_ws/install/m3pro_teacher_vision/share/m3pro_teacher_vision/package.ps1'
[20.803s] [34mcolcon.colcon_core.shell[0m [1;30mINFO[0m Creating package descriptor '/root/Robotique-IOT/m3pro_teacher_ws/install/m3pro_teacher_vision/share/m3pro_teacher_vision/package.dsv'
[20.806s] [34mcolcon.colcon_core.shell[0m [1;30mINFO[0m Creating package script '/root/Robotique-IOT/m3pro_teacher_ws/install/m3pro_teacher_vision/share/m3pro_teacher_vision/package.sh'
[20.809s] [34mcolcon.colcon_core.shell[0m [1;30mINFO[0m Creating package script '/root/Robotique-IOT/m3pro_teacher_ws/install/m3pro_teacher_vision/share/m3pro_teacher_vision/package.bash'
[20.813s] [34mcolcon.colcon_core.shell[0m [1;30mINFO[0m Creating package script '/root/Robotique-IOT/m3pro_teacher_ws/install/m3pro_teacher_vision/share/m3pro_teacher_vision/package.zsh'
[20.816s] [34mcolcon.colcon_core.environment[0m [1;30mLevel 1[0m create_file_with_runtime_dependencies(/root/Robotique-IOT/m3pro_teacher_ws/install/m3pro_teacher_vision/share/colcon-core/packages/m3pro_teacher_vision)
[20.818s] [34mcolcon.colcon_parallel_executor.executor.parallel[0m [1;30mDEBUG[0m [32mclosing loop[0m
[20.819s] [34mcolcon.colcon_parallel_executor.executor.parallel[0m [1;30mDEBUG[0m [32mloop closed[0m
[20.820s] [34mcolcon.colcon_parallel_executor.executor.parallel[0m [1;30mDEBUG[0m [32mrun_until_complete finished with '0'[0m
[20.820s] [34mcolcon.colcon_core.event_reactor[0m [1;30mDEBUG[0m [32mjoining thread[0m
[20.954s] [34mcolcon.colcon_core.plugin_system[0m [1;30mINFO[0m Skipping extension 'colcon_notification.desktop_notification.notify_send': Could not find 'notify-send'
[20.954s] [34mcolcon.colcon_core.plugin_system[0m [1;30mINFO[0m Skipping extension 'colcon_notification.desktop_notification.terminal_notifier': Not used on non-Darwin systems
[20.955s] [34mcolcon.colcon_core.plugin_system[0m [1;30mINFO[0m Skipping extension 'colcon_notification.desktop_notification.win32': Not used on non-Windows systems
[20.955s] [34mcolcon.colcon_notification.desktop_notification[0m [1;30mINFO[0m Sending desktop notification using 'notify2'
[20.960s] [34mcolcon.colcon_notification.desktop_notification.notify2[0m [1;30mDEBUG[0m [32mFailed to initialize notify2: org.freedesktop.DBus.Error.Spawn.ExecFailed: /usr/bin/dbus-launch terminated abnormally without any error message[0m
[20.961s] [34mcolcon.colcon_core.event_reactor[0m [1;30mDEBUG[0m [32mjoined thread[0m
[21.073s] [34mcolcon.colcon_core.shell[0m [1;30mINFO[0m Creating prefix script '/root/Robotique-IOT/m3pro_teacher_ws/install/local_setup.ps1'
[21.077s] [34mcolcon.colcon_core.shell[0m [1;30mINFO[0m Creating prefix util module '/root/Robotique-IOT/m3pro_teacher_ws/install/_local_setup_util_ps1.py'
[21.083s] [34mcolcon.colcon_core.shell[0m [1;30mINFO[0m Creating prefix chain script '/root/Robotique-IOT/m3pro_teacher_ws/install/setup.ps1'
[21.207s] [34mcolcon.colcon_core.shell[0m [1;30mINFO[0m Creating prefix script '/root/Robotique-IOT/m3pro_teacher_ws/install/local_setup.sh'
[21.210s] [34mcolcon.colcon_core.shell[0m [1;30mINFO[0m Creating prefix util module '/root/Robotique-IOT/m3pro_teacher_ws/install/_local_setup_util_sh.py'
[21.212s] [34mcolcon.colcon_core.shell[0m [1;30mINFO[0m Creating prefix chain script '/root/Robotique-IOT/m3pro_teacher_ws/install/setup.sh'
[21.338s] [34mcolcon.colcon_core.shell[0m [1;30mINFO[0m Creating prefix script '/root/Robotique-IOT/m3pro_teacher_ws/install/local_setup.bash'
[21.340s] [34mcolcon.colcon_core.shell[0m [1;30mINFO[0m Creating prefix chain script '/root/Robotique-IOT/m3pro_teacher_ws/install/setup.bash'
[21.463s] [34mcolcon.colcon_core.shell[0m [1;30mINFO[0m Creating prefix script '/root/Robotique-IOT/m3pro_teacher_ws/install/local_setup.zsh'
[21.465s] [34mcolcon.colcon_core.shell[0m [1;30mINFO[0m Creating prefix chain script '/root/Robotique-IOT/m3pro_teacher_ws/install/setup.zsh'
