-- The C compiler identification is GNU 11.4.0
-- The CXX compiler identification is GNU 11.4.0
-- Detecting C compiler ABI info
-- Detecting C compiler ABI info - done
-- Check for working C compiler: /usr/bin/cc - skipped
-- Detecting C compile features
-- Detecting C compile features - done
-- Detecting CXX compiler ABI info
-- Detecting CXX compiler ABI info - done
-- Check for working CXX compiler: /usr/bin/c++ - skipped
-- Detecting CXX compile features
-- Detecting CXX compile features - done
-- Found ament_cmake: 1.3.6 (/opt/ros/humble/share/ament_cmake/cmake)
-- Found Python3: /usr/bin/python3.10 (found version "3.10.12") found components: Interpreter 
-- Override CMake install command with custom implementation using symlinks instead of copying resources
-- Configuring done
-- Generating done
-- Build files have been written to: /root/Robotique-IOT/m3pro_teacher_ws/build/m3pro_teacher_nav
-- Install configuration: ""
-- Execute custom install script
-- Symlinking: /root/Robotique-IOT/m3pro_teacher_ws/install/m3pro_teacher_nav/share/m3pro_teacher_nav/config/nav2_params.yaml
-- Symlinking: /root/Robotique-IOT/m3pro_teacher_ws/install/m3pro_teacher_nav/share/m3pro_teacher_nav/config/slam_toolbox_params.yaml
-- Symlinking: /root/Robotique-IOT/m3pro_teacher_ws/install/m3pro_teacher_nav/share/m3pro_teacher_nav/launch/navigation.launch.py
-- Symlinking: /root/Robotique-IOT/m3pro_teacher_ws/install/m3pro_teacher_nav/share/m3pro_teacher_nav/launch/slam_and_nav.launch.py
-- Symlinking: /root/Robotique-IOT/m3pro_teacher_ws/install/m3pro_teacher_nav/share/m3pro_teacher_nav/launch/slam_online.launch.py
-- Symlinking: /root/Robotique-IOT/m3pro_teacher_ws/install/m3pro_teacher_nav/share/m3pro_teacher_nav/maps/.gitkeep
-- Symlinking: /root/Robotique-IOT/m3pro_teacher_ws/install/m3pro_teacher_nav/share/m3pro_teacher_nav/maps/salle.yaml
-- Symlinking: /root/Robotique-IOT/m3pro_teacher_ws/install/m3pro_teacher_nav/share/m3pro_teacher_nav/rviz/nav2_view.rviz
-- Symlinking: /root/Robotique-IOT/m3pro_teacher_ws/install/m3pro_teacher_nav/share/ament_index/resource_index/package_run_dependencies/m3pro_teacher_nav
-- Symlinking: /root/Robotique-IOT/m3pro_teacher_ws/install/m3pro_teacher_nav/share/ament_index/resource_index/parent_prefix_path/m3pro_teacher_nav
-- Symlinking: /root/Robotique-IOT/m3pro_teacher_ws/install/m3pro_teacher_nav/share/m3pro_teacher_nav/environment/ament_prefix_path.sh
-- Symlinking: /root/Robotique-IOT/m3pro_teacher_ws/install/m3pro_teacher_nav/share/m3pro_teacher_nav/environment/ament_prefix_path.dsv
-- Symlinking: /root/Robotique-IOT/m3pro_teacher_ws/install/m3pro_teacher_nav/share/m3pro_teacher_nav/environment/path.sh
-- Symlinking: /root/Robotique-IOT/m3pro_teacher_ws/install/m3pro_teacher_nav/share/m3pro_teacher_nav/environment/path.dsv
-- Symlinking: /root/Robotique-IOT/m3pro_teacher_ws/install/m3pro_teacher_nav/share/m3pro_teacher_nav/local_setup.bash
-- Symlinking: /root/Robotique-IOT/m3pro_teacher_ws/install/m3pro_teacher_nav/share/m3pro_teacher_nav/local_setup.sh
-- Symlinking: /root/Robotique-IOT/m3pro_teacher_ws/install/m3pro_teacher_nav/share/m3pro_teacher_nav/local_setup.zsh
-- Symlinking: /root/Robotique-IOT/m3pro_teacher_ws/install/m3pro_teacher_nav/share/m3pro_teacher_nav/local_setup.dsv
-- Symlinking: /root/Robotique-IOT/m3pro_teacher_ws/install/m3pro_teacher_nav/share/m3pro_teacher_nav/package.dsv
-- Symlinking: /root/Robotique-IOT/m3pro_teacher_ws/install/m3pro_teacher_nav/share/ament_index/resource_index/packages/m3pro_teacher_nav
-- Symlinking: /root/Robotique-IOT/m3pro_teacher_ws/install/m3pro_teacher_nav/share/m3pro_teacher_nav/cmake/m3pro_teacher_navConfig.cmake
-- Symlinking: /root/Robotique-IOT/m3pro_teacher_ws/install/m3pro_teacher_nav/share/m3pro_teacher_nav/cmake/m3pro_teacher_navConfig-version.cmake
-- Symlinking: /root/Robotique-IOT/m3pro_teacher_ws/install/m3pro_teacher_nav/share/m3pro_teacher_nav/package.xml
