-- The C compiler identification is GNU 11.4.0
-- The CXX compiler identification is GNU 11.4.0
-- Detecting C compiler ABI info
-- Detecting C compiler ABI info - done
-- Check for working C compiler: /usr/bin/cc - skipped
-- Detecting C compile features
-- Detecting C compile features - done
-- Detecting CXX compiler ABI info
-- Detecting CXX compiler ABI info - done
-- Check for working CXX compiler: /usr/bin/c++ - skipped
-- Detecting CXX compile features
-- Detecting CXX compile features - done
-- Found ament_cmake: 1.3.6 (/opt/ros/humble/share/ament_cmake/cmake)
-- Found Python3: /usr/bin/python3.10 (found version "3.10.12") found components: Interpreter 
-- Override CMake install command with custom implementation using symlinks instead of copying resources
-- Found rosidl_default_generators: 1.2.0 (/opt/ros/humble/share/rosidl_default_generators/cmake)
-- Using all available rosidl_typesupport_c: rosidl_typesupport_fastrtps_c;rosidl_typesupport_introspection_c
-- Found rosidl_adapter: 3.1.5 (/opt/ros/humble/share/rosidl_adapter/cmake)
-- Using all available rosidl_typesupport_cpp: rosidl_typesupport_fastrtps_cpp;rosidl_typesupport_introspection_cpp
-- Found std_msgs: 4.2.3 (/opt/ros/humble/share/std_msgs/cmake)
-- Found ament_cmake_ros: 0.10.0 (/opt/ros/humble/share/ament_cmake_ros/cmake)
-- Using all available rosidl_typesupport_c: rosidl_typesupport_fastrtps_c;rosidl_typesupport_introspection_c
-- Using all available rosidl_typesupport_cpp: rosidl_typesupport_fastrtps_cpp;rosidl_typesupport_introspection_cpp
-- Found PythonInterp: /usr/bin/python3 (found suitable version "3.10.12", minimum required is "3.6") 
-- Found python_cmake_module: 0.10.0 (/opt/ros/humble/share/python_cmake_module/cmake)
-- Found PythonLibs: /usr/lib/aarch64-linux-gnu/libpython3.10.so (found suitable version "3.10.12", minimum required is "3.5") 
-- Using PYTHON_EXECUTABLE: /usr/bin/python3
-- Using PYTHON_INCLUDE_DIRS: /usr/include/python3.10
-- Using PYTHON_LIBRARIES: /usr/lib/aarch64-linux-gnu/libpython3.10.so
-- Found PythonExtra: .so  
-- Configuring done
-- Generating done
-- Build files have been written to: /root/Robotique-IOT/m3pro_teacher_ws/build/m3pro_teacher_interfaces
[  2%] [34m[1mGenerating C code for ROS interfaces[0m
[  4%] [34m[1mGenerating C++ code for ROS interfaces[0m
[  4%] Built target ament_cmake_python_symlink_m3pro_teacher_interfaces
running egg_info
creating m3pro_teacher_interfaces.egg-info
writing m3pro_teacher_interfaces.egg-info/PKG-INFO
writing dependency_links to m3pro_teacher_interfaces.egg-info/dependency_links.txt
writing top-level names to m3pro_teacher_interfaces.egg-info/top_level.txt
writing manifest file 'm3pro_teacher_interfaces.egg-info/SOURCES.txt'
reading manifest file 'm3pro_teacher_interfaces.egg-info/SOURCES.txt'
writing manifest file 'm3pro_teacher_interfaces.egg-info/SOURCES.txt'
[  4%] Built target ament_cmake_python_build_m3pro_teacher_interfaces_egg
[  4%] Built target m3pro_teacher_interfaces__cpp
[  6%] [34m[1mGenerating C++ type support dispatch for ROS interfaces[0m
[  8%] [34m[1mGenerating C++ type support for eProsima Fast-RTPS[0m
[ 10%] [34m[1mGenerating C++ introspection for ROS interfaces[0m
[ 12%] [32mBuilding C object CMakeFiles/m3pro_teacher_interfaces__rosidl_generator_c.dir/rosidl_generator_c/m3pro_teacher_interfaces/srv/detail/set_joint__functions.c.o[0m
[ 14%] [32mBuilding C object CMakeFiles/m3pro_teacher_interfaces__rosidl_generator_c.dir/rosidl_generator_c/m3pro_teacher_interfaces/srv/detail/set_joints__functions.c.o[0m
[ 17%] [32mBuilding C object CMakeFiles/m3pro_teacher_interfaces__rosidl_generator_c.dir/rosidl_generator_c/m3pro_teacher_interfaces/srv/detail/home__functions.c.o[0m
[ 19%] [32m[1mLinking C shared library libm3pro_teacher_interfaces__rosidl_generator_c.so[0m
[ 19%] Built target m3pro_teacher_interfaces__rosidl_generator_c
[ 21%] [34m[1mGenerating C type support for eProsima Fast-RTPS[0m
[ 23%] [32mBuilding CXX object CMakeFiles/m3pro_teacher_interfaces__rosidl_typesupport_cpp.dir/rosidl_typesupport_cpp/m3pro_teacher_interfaces/srv/set_joint__type_support.cpp.o[0m
[ 25%] [32mBuilding CXX object CMakeFiles/m3pro_teacher_interfaces__rosidl_typesupport_introspection_cpp.dir/rosidl_typesupport_introspection_cpp/m3pro_teacher_interfaces/srv/detail/set_joint__type_support.cpp.o[0m
[ 27%] [32mBuilding CXX object CMakeFiles/m3pro_teacher_interfaces__rosidl_typesupport_fastrtps_cpp.dir/rosidl_typesupport_fastrtps_cpp/m3pro_teacher_interfaces/srv/detail/dds_fastrtps/set_joint__type_support.cpp.o[0m
[ 29%] [32mBuilding CXX object CMakeFiles/m3pro_teacher_interfaces__rosidl_typesupport_cpp.dir/rosidl_typesupport_cpp/m3pro_teacher_interfaces/srv/set_joints__type_support.cpp.o[0m
[ 31%] [32mBuilding CXX object CMakeFiles/m3pro_teacher_interfaces__rosidl_typesupport_fastrtps_c.dir/rosidl_typesupport_fastrtps_c/m3pro_teacher_interfaces/srv/detail/set_joint__type_support_c.cpp.o[0m
[ 34%] [32mBuilding CXX object CMakeFiles/m3pro_teacher_interfaces__rosidl_typesupport_introspection_cpp.dir/rosidl_typesupport_introspection_cpp/m3pro_teacher_interfaces/srv/detail/set_joints__type_support.cpp.o[0m
[ 36%] [32mBuilding CXX object CMakeFiles/m3pro_teacher_interfaces__rosidl_typesupport_fastrtps_cpp.dir/rosidl_typesupport_fastrtps_cpp/m3pro_teacher_interfaces/srv/detail/dds_fastrtps/set_joints__type_support.cpp.o[0m
[ 38%] [32mBuilding CXX object CMakeFiles/m3pro_teacher_interfaces__rosidl_typesupport_cpp.dir/rosidl_typesupport_cpp/m3pro_teacher_interfaces/srv/home__type_support.cpp.o[0m
[ 40%] [32mBuilding CXX object CMakeFiles/m3pro_teacher_interfaces__rosidl_typesupport_fastrtps_c.dir/rosidl_typesupport_fastrtps_c/m3pro_teacher_interfaces/srv/detail/set_joints__type_support_c.cpp.o[0m
[ 42%] [32m[1mLinking CXX shared library libm3pro_teacher_interfaces__rosidl_typesupport_cpp.so[0m
[ 42%] Built target m3pro_teacher_interfaces__rosidl_typesupport_cpp
[ 46%] [32mBuilding CXX object CMakeFiles/m3pro_teacher_interfaces__rosidl_typesupport_introspection_cpp.dir/rosidl_typesupport_introspection_cpp/m3pro_teacher_interfaces/srv/detail/home__type_support.cpp.o[0m
[ 46%] [34m[1mGenerating C introspection for ROS interfaces[0m
[ 48%] [32mBuilding CXX object CMakeFiles/m3pro_teacher_interfaces__rosidl_typesupport_fastrtps_cpp.dir/rosidl_typesupport_fastrtps_cpp/m3pro_teacher_interfaces/srv/detail/dds_fastrtps/home__type_support.cpp.o[0m
[ 51%] [32mBuilding CXX object CMakeFiles/m3pro_teacher_interfaces__rosidl_typesupport_fastrtps_c.dir/rosidl_typesupport_fastrtps_c/m3pro_teacher_interfaces/srv/detail/home__type_support_c.cpp.o[0m
[ 53%] [32m[1mLinking CXX shared library libm3pro_teacher_interfaces__rosidl_typesupport_introspection_cpp.so[0m
[ 53%] Built target m3pro_teacher_interfaces__rosidl_typesupport_introspection_cpp
[ 55%] [34m[1mGenerating C type support dispatch for ROS interfaces[0m
[ 57%] [32mBuilding C object CMakeFiles/m3pro_teacher_interfaces__rosidl_typesupport_introspection_c.dir/rosidl_typesupport_introspection_c/m3pro_teacher_interfaces/srv/detail/set_joint__type_support.c.o[0m
[ 59%] [32mBuilding C object CMakeFiles/m3pro_teacher_interfaces__rosidl_typesupport_introspection_c.dir/rosidl_typesupport_introspection_c/m3pro_teacher_interfaces/srv/detail/set_joints__type_support.c.o[0m
[ 61%] [32m[1mLinking CXX shared library libm3pro_teacher_interfaces__rosidl_typesupport_fastrtps_cpp.so[0m
[ 63%] [32mBuilding C object CMakeFiles/m3pro_teacher_interfaces__rosidl_typesupport_introspection_c.dir/rosidl_typesupport_introspection_c/m3pro_teacher_interfaces/srv/detail/home__type_support.c.o[0m
[ 65%] [32m[1mLinking C shared library libm3pro_teacher_interfaces__rosidl_typesupport_introspection_c.so[0m
[ 68%] [32m[1mLinking CXX shared library libm3pro_teacher_interfaces__rosidl_typesupport_fastrtps_c.so[0m
[ 68%] Built target m3pro_teacher_interfaces__rosidl_typesupport_fastrtps_cpp
[ 68%] Built target m3pro_teacher_interfaces__rosidl_typesupport_introspection_c
[ 68%] Built target m3pro_teacher_interfaces__rosidl_typesupport_fastrtps_c
[ 72%] [32mBuilding CXX object CMakeFiles/m3pro_teacher_interfaces__rosidl_typesupport_c.dir/rosidl_typesupport_c/m3pro_teacher_interfaces/srv/set_joint__type_support.cpp.o[0m
[ 72%] [32mBuilding CXX object CMakeFiles/m3pro_teacher_interfaces__rosidl_typesupport_c.dir/rosidl_typesupport_c/m3pro_teacher_interfaces/srv/set_joints__type_support.cpp.o[0m
[ 74%] [32mBuilding CXX object CMakeFiles/m3pro_teacher_interfaces__rosidl_typesupport_c.dir/rosidl_typesupport_c/m3pro_teacher_interfaces/srv/home__type_support.cpp.o[0m
[ 76%] [32m[1mLinking CXX shared library libm3pro_teacher_interfaces__rosidl_typesupport_c.so[0m
[ 76%] Built target m3pro_teacher_interfaces__rosidl_typesupport_c
[ 76%] Built target m3pro_teacher_interfaces
[ 78%] [34m[1mGenerating Python code for ROS interfaces[0m
[ 78%] Built target m3pro_teacher_interfaces__py
[ 80%] [32mBuilding C object CMakeFiles/m3pro_teacher_interfaces__rosidl_generator_py.dir/rosidl_generator_py/m3pro_teacher_interfaces/srv/_set_joint_s.c.o[0m
[ 82%] [32mBuilding C object CMakeFiles/m3pro_teacher_interfaces__rosidl_generator_py.dir/rosidl_generator_py/m3pro_teacher_interfaces/srv/_set_joints_s.c.o[0m
[ 85%] [32mBuilding C object CMakeFiles/m3pro_teacher_interfaces__rosidl_generator_py.dir/rosidl_generator_py/m3pro_teacher_interfaces/srv/_home_s.c.o[0m
[ 87%] [32m[1mLinking C shared library rosidl_generator_py/m3pro_teacher_interfaces/libm3pro_teacher_interfaces__rosidl_generator_py.so[0m
[ 87%] Built target m3pro_teacher_interfaces__rosidl_generator_py
[ 89%] [32mBuilding C object CMakeFiles/m3pro_teacher_interfaces__rosidl_typesupport_fastrtps_c__pyext.dir/rosidl_generator_py/m3pro_teacher_interfaces/_m3pro_teacher_interfaces_s.ep.rosidl_typesupport_fastrtps_c.c.o[0m
[ 91%] [32mBuilding C object CMakeFiles/m3pro_teacher_interfaces__rosidl_typesupport_introspection_c__pyext.dir/rosidl_generator_py/m3pro_teacher_interfaces/_m3pro_teacher_interfaces_s.ep.rosidl_typesupport_introspection_c.c.o[0m
[ 93%] [32mBuilding C object CMakeFiles/m3pro_teacher_interfaces__rosidl_typesupport_c__pyext.dir/rosidl_generator_py/m3pro_teacher_interfaces/_m3pro_teacher_interfaces_s.ep.rosidl_typesupport_c.c.o[0m
[ 95%] [32m[1mLinking C shared library rosidl_generator_py/m3pro_teacher_interfaces/m3pro_teacher_interfaces_s__rosidl_typesupport_c.cpython-310-aarch64-linux-gnu.so[0m
[ 97%] [32m[1mLinking C shared library rosidl_generator_py/m3pro_teacher_interfaces/m3pro_teacher_interfaces_s__rosidl_typesupport_introspection_c.cpython-310-aarch64-linux-gnu.so[0m
[100%] [32m[1mLinking C shared library rosidl_generator_py/m3pro_teacher_interfaces/m3pro_teacher_interfaces_s__rosidl_typesupport_fastrtps_c.cpython-310-aarch64-linux-gnu.so[0m
[100%] Built target m3pro_teacher_interfaces__rosidl_typesupport_c__pyext
[100%] Built target m3pro_teacher_interfaces__rosidl_typesupport_introspection_c__pyext
[100%] Built target m3pro_teacher_interfaces__rosidl_typesupport_fastrtps_c__pyext
-- Install configuration: ""
-- Execute custom install script
-- Symlinking: /root/Robotique-IOT/m3pro_teacher_ws/install/m3pro_teacher_interfaces/share/ament_index/resource_index/rosidl_interfaces/m3pro_teacher_interfaces
-- Symlinking: /root/Robotique-IOT/m3pro_teacher_ws/install/m3pro_teacher_interfaces/include/m3pro_teacher_interfaces/m3pro_teacher_interfaces/msg/rosidl_generator_c__visibility_control.h
-- Symlinking: /root/Robotique-IOT/m3pro_teacher_ws/install/m3pro_teacher_interfaces/include/m3pro_teacher_interfaces/m3pro_teacher_interfaces/srv/detail/home__functions.h
-- Symlinking: /root/Robotique-IOT/m3pro_teacher_ws/install/m3pro_teacher_interfaces/include/m3pro_teacher_interfaces/m3pro_teacher_interfaces/srv/detail/home__struct.h
-- Symlinking: /root/Robotique-IOT/m3pro_teacher_ws/install/m3pro_teacher_interfaces/include/m3pro_teacher_interfaces/m3pro_teacher_interfaces/srv/detail/home__type_support.h
-- Symlinking: /root/Robotique-IOT/m3pro_teacher_ws/install/m3pro_teacher_interfaces/include/m3pro_teacher_interfaces/m3pro_teacher_interfaces/srv/detail/set_joint__functions.h
-- Symlinking: /root/Robotique-IOT/m3pro_teacher_ws/install/m3pro_teacher_interfaces/include/m3pro_teacher_interfaces/m3pro_teacher_interfaces/srv/detail/set_joint__struct.h
-- Symlinking: /root/Robotique-IOT/m3pro_teacher_ws/install/m3pro_teacher_interfaces/include/m3pro_teacher_interfaces/m3pro_teacher_interfaces/srv/detail/set_joint__type_support.h
-- Symlinking: /root/Robotique-IOT/m3pro_teacher_ws/install/m3pro_teacher_interfaces/include/m3pro_teacher_interfaces/m3pro_teacher_interfaces/srv/detail/set_joints__functions.h
-- Symlinking: /root/Robotique-IOT/m3pro_teacher_ws/install/m3pro_teacher_interfaces/include/m3pro_teacher_interfaces/m3pro_teacher_interfaces/srv/detail/set_joints__struct.h
-- Symlinking: /root/Robotique-IOT/m3pro_teacher_ws/install/m3pro_teacher_interfaces/include/m3pro_teacher_interfaces/m3pro_teacher_interfaces/srv/detail/set_joints__type_support.h
-- Symlinking: /root/Robotique-IOT/m3pro_teacher_ws/install/m3pro_teacher_interfaces/include/m3pro_teacher_interfaces/m3pro_teacher_interfaces/srv/home.h
-- Symlinking: /root/Robotique-IOT/m3pro_teacher_ws/install/m3pro_teacher_interfaces/include/m3pro_teacher_interfaces/m3pro_teacher_interfaces/srv/set_joint.h
-- Symlinking: /root/Robotique-IOT/m3pro_teacher_ws/install/m3pro_teacher_interfaces/include/m3pro_teacher_interfaces/m3pro_teacher_interfaces/srv/set_joints.h
-- Symlinking: /root/Robotique-IOT/m3pro_teacher_ws/install/m3pro_teacher_interfaces/share/m3pro_teacher_interfaces/environment/library_path.sh
-- Symlinking: /root/Robotique-IOT/m3pro_teacher_ws/install/m3pro_teacher_interfaces/share/m3pro_teacher_interfaces/environment/library_path.dsv
-- Symlinking: /root/Robotique-IOT/m3pro_teacher_ws/install/m3pro_teacher_interfaces/include/m3pro_teacher_interfaces/m3pro_teacher_interfaces/msg/rosidl_typesupport_fastrtps_c__visibility_control.h
-- Symlinking: /root/Robotique-IOT/m3pro_teacher_ws/install/m3pro_teacher_interfaces/include/m3pro_teacher_interfaces/m3pro_teacher_interfaces/srv/detail/home__rosidl_typesupport_fastrtps_c.h
-- Symlinking: /root/Robotique-IOT/m3pro_teacher_ws/install/m3pro_teacher_interfaces/include/m3pro_teacher_interfaces/m3pro_teacher_interfaces/srv/detail/set_joint__rosidl_typesupport_fastrtps_c.h
-- Symlinking: /root/Robotique-IOT/m3pro_teacher_ws/install/m3pro_teacher_interfaces/include/m3pro_teacher_interfaces/m3pro_teacher_interfaces/srv/detail/set_joints__rosidl_typesupport_fastrtps_c.h
-- Symlinking: /root/Robotique-IOT/m3pro_teacher_ws/install/m3pro_teacher_interfaces/include/m3pro_teacher_interfaces/m3pro_teacher_interfaces/msg/rosidl_typesupport_introspection_c__visibility_control.h
-- Symlinking: /root/Robotique-IOT/m3pro_teacher_ws/install/m3pro_teacher_interfaces/include/m3pro_teacher_interfaces/m3pro_teacher_interfaces/srv/detail/home__rosidl_typesupport_introspection_c.h
-- Symlinking: /root/Robotique-IOT/m3pro_teacher_ws/install/m3pro_teacher_interfaces/include/m3pro_teacher_interfaces/m3pro_teacher_interfaces/srv/detail/set_joint__rosidl_typesupport_introspection_c.h
-- Symlinking: /root/Robotique-IOT/m3pro_teacher_ws/install/m3pro_teacher_interfaces/include/m3pro_teacher_interfaces/m3pro_teacher_interfaces/srv/detail/set_joints__rosidl_typesupport_introspection_c.h
-- Symlinking: /root/Robotique-IOT/m3pro_teacher_ws/install/m3pro_teacher_interfaces/include/m3pro_teacher_interfaces/m3pro_teacher_interfaces/srv/detail/home__builder.hpp
-- Symlinking: /root/Robotique-IOT/m3pro_teacher_ws/install/m3pro_teacher_interfaces/include/m3pro_teacher_interfaces/m3pro_teacher_interfaces/srv/detail/home__struct.hpp
-- Symlinking: /root/Robotique-IOT/m3pro_teacher_ws/install/m3pro_teacher_interfaces/include/m3pro_teacher_interfaces/m3pro_teacher_interfaces/srv/detail/home__traits.hpp
-- Symlinking: /root/Robotique-IOT/m3pro_teacher_ws/install/m3pro_teacher_interfaces/include/m3pro_teacher_interfaces/m3pro_teacher_interfaces/srv/detail/set_joint__builder.hpp
-- Symlinking: /root/Robotique-IOT/m3pro_teacher_ws/install/m3pro_teacher_interfaces/include/m3pro_teacher_interfaces/m3pro_teacher_interfaces/srv/detail/set_joint__struct.hpp
-- Symlinking: /root/Robotique-IOT/m3pro_teacher_ws/install/m3pro_teacher_interfaces/include/m3pro_teacher_interfaces/m3pro_teacher_interfaces/srv/detail/set_joint__traits.hpp
-- Symlinking: /root/Robotique-IOT/m3pro_teacher_ws/install/m3pro_teacher_interfaces/include/m3pro_teacher_interfaces/m3pro_teacher_interfaces/srv/detail/set_joints__builder.hpp
-- Symlinking: /root/Robotique-IOT/m3pro_teacher_ws/install/m3pro_teacher_interfaces/include/m3pro_teacher_interfaces/m3pro_teacher_interfaces/srv/detail/set_joints__struct.hpp
-- Symlinking: /root/Robotique-IOT/m3pro_teacher_ws/install/m3pro_teacher_interfaces/include/m3pro_teacher_interfaces/m3pro_teacher_interfaces/srv/detail/set_joints__traits.hpp
-- Symlinking: /root/Robotique-IOT/m3pro_teacher_ws/install/m3pro_teacher_interfaces/include/m3pro_teacher_interfaces/m3pro_teacher_interfaces/srv/home.hpp
-- Symlinking: /root/Robotique-IOT/m3pro_teacher_ws/install/m3pro_teacher_interfaces/include/m3pro_teacher_interfaces/m3pro_teacher_interfaces/srv/set_joint.hpp
-- Symlinking: /root/Robotique-IOT/m3pro_teacher_ws/install/m3pro_teacher_interfaces/include/m3pro_teacher_interfaces/m3pro_teacher_interfaces/srv/set_joints.hpp
-- Symlinking: /root/Robotique-IOT/m3pro_teacher_ws/install/m3pro_teacher_interfaces/include/m3pro_teacher_interfaces/m3pro_teacher_interfaces/msg/rosidl_typesupport_fastrtps_cpp__visibility_control.h
-- Symlinking: /root/Robotique-IOT/m3pro_teacher_ws/install/m3pro_teacher_interfaces/include/m3pro_teacher_interfaces/m3pro_teacher_interfaces/srv/detail/home__rosidl_typesupport_fastrtps_cpp.hpp
-- Symlinking: /root/Robotique-IOT/m3pro_teacher_ws/install/m3pro_teacher_interfaces/include/m3pro_teacher_interfaces/m3pro_teacher_interfaces/srv/detail/set_joint__rosidl_typesupport_fastrtps_cpp.hpp
-- Symlinking: /root/Robotique-IOT/m3pro_teacher_ws/install/m3pro_teacher_interfaces/include/m3pro_teacher_interfaces/m3pro_teacher_interfaces/srv/detail/set_joints__rosidl_typesupport_fastrtps_cpp.hpp
-- Symlinking: /root/Robotique-IOT/m3pro_teacher_ws/install/m3pro_teacher_interfaces/include/m3pro_teacher_interfaces/m3pro_teacher_interfaces/srv/detail/home__rosidl_typesupport_introspection_cpp.hpp
-- Symlinking: /root/Robotique-IOT/m3pro_teacher_ws/install/m3pro_teacher_interfaces/include/m3pro_teacher_interfaces/m3pro_teacher_interfaces/srv/detail/set_joint__rosidl_typesupport_introspection_cpp.hpp
-- Symlinking: /root/Robotique-IOT/m3pro_teacher_ws/install/m3pro_teacher_interfaces/include/m3pro_teacher_interfaces/m3pro_teacher_interfaces/srv/detail/set_joints__rosidl_typesupport_introspection_cpp.hpp
-- Symlinking: /root/Robotique-IOT/m3pro_teacher_ws/install/m3pro_teacher_interfaces/share/m3pro_teacher_interfaces/environment/pythonpath.sh
-- Symlinking: /root/Robotique-IOT/m3pro_teacher_ws/install/m3pro_teacher_interfaces/share/m3pro_teacher_interfaces/environment/pythonpath.dsv
-- Symlinking: /root/Robotique-IOT/m3pro_teacher_ws/install/m3pro_teacher_interfaces/local/lib/python3.10/dist-packages/m3pro_teacher_interfaces-0.1.0-py3.10.egg-info/PKG-INFO
-- Symlinking: /root/Robotique-IOT/m3pro_teacher_ws/install/m3pro_teacher_interfaces/local/lib/python3.10/dist-packages/m3pro_teacher_interfaces-0.1.0-py3.10.egg-info/SOURCES.txt
-- Symlinking: /root/Robotique-IOT/m3pro_teacher_ws/install/m3pro_teacher_interfaces/local/lib/python3.10/dist-packages/m3pro_teacher_interfaces-0.1.0-py3.10.egg-info/dependency_links.txt
-- Symlinking: /root/Robotique-IOT/m3pro_teacher_ws/install/m3pro_teacher_interfaces/local/lib/python3.10/dist-packages/m3pro_teacher_interfaces-0.1.0-py3.10.egg-info/top_level.txt
-- Symlinking: /root/Robotique-IOT/m3pro_teacher_ws/install/m3pro_teacher_interfaces/local/lib/python3.10/dist-packages/m3pro_teacher_interfaces/__init__.py
-- Symlinking: /root/Robotique-IOT/m3pro_teacher_ws/install/m3pro_teacher_interfaces/local/lib/python3.10/dist-packages/m3pro_teacher_interfaces/_m3pro_teacher_interfaces_s.ep.rosidl_typesupport_c.c
-- Symlinking: /root/Robotique-IOT/m3pro_teacher_ws/install/m3pro_teacher_interfaces/local/lib/python3.10/dist-packages/m3pro_teacher_interfaces/_m3pro_teacher_interfaces_s.ep.rosidl_typesupport_fastrtps_c.c
-- Symlinking: /root/Robotique-IOT/m3pro_teacher_ws/install/m3pro_teacher_interfaces/local/lib/python3.10/dist-packages/m3pro_teacher_interfaces/_m3pro_teacher_interfaces_s.ep.rosidl_typesupport_introspection_c.c
-- Symlinking: /root/Robotique-IOT/m3pro_teacher_ws/install/m3pro_teacher_interfaces/local/lib/python3.10/dist-packages/m3pro_teacher_interfaces/libm3pro_teacher_interfaces__rosidl_generator_py.so
-- Symlinking: /root/Robotique-IOT/m3pro_teacher_ws/install/m3pro_teacher_interfaces/local/lib/python3.10/dist-packages/m3pro_teacher_interfaces/m3pro_teacher_interfaces_s__rosidl_typesupport_c.cpython-310-aarch64-linux-gnu.so
-- Symlinking: /root/Robotique-IOT/m3pro_teacher_ws/install/m3pro_teacher_interfaces/local/lib/python3.10/dist-packages/m3pro_teacher_interfaces/m3pro_teacher_interfaces_s__rosidl_typesupport_fastrtps_c.cpython-310-aarch64-linux-gnu.so
-- Symlinking: /root/Robotique-IOT/m3pro_teacher_ws/install/m3pro_teacher_interfaces/local/lib/python3.10/dist-packages/m3pro_teacher_interfaces/m3pro_teacher_interfaces_s__rosidl_typesupport_introspection_c.cpython-310-aarch64-linux-gnu.so
-- Symlinking: /root/Robotique-IOT/m3pro_teacher_ws/install/m3pro_teacher_interfaces/local/lib/python3.10/dist-packages/m3pro_teacher_interfaces/srv/__init__.py
-- Symlinking: /root/Robotique-IOT/m3pro_teacher_ws/install/m3pro_teacher_interfaces/local/lib/python3.10/dist-packages/m3pro_teacher_interfaces/srv/_home.py
-- Symlinking: /root/Robotique-IOT/m3pro_teacher_ws/install/m3pro_teacher_interfaces/local/lib/python3.10/dist-packages/m3pro_teacher_interfaces/srv/_home_s.c
-- Symlinking: /root/Robotique-IOT/m3pro_teacher_ws/install/m3pro_teacher_interfaces/local/lib/python3.10/dist-packages/m3pro_teacher_interfaces/srv/_set_joint.py
-- Symlinking: /root/Robotique-IOT/m3pro_teacher_ws/install/m3pro_teacher_interfaces/local/lib/python3.10/dist-packages/m3pro_teacher_interfaces/srv/_set_joint_s.c
-- Symlinking: /root/Robotique-IOT/m3pro_teacher_ws/install/m3pro_teacher_interfaces/local/lib/python3.10/dist-packages/m3pro_teacher_interfaces/srv/_set_joints.py
-- Symlinking: /root/Robotique-IOT/m3pro_teacher_ws/install/m3pro_teacher_interfaces/local/lib/python3.10/dist-packages/m3pro_teacher_interfaces/srv/_set_joints_s.c
-- Up-to-date symlink: /root/Robotique-IOT/m3pro_teacher_ws/install/m3pro_teacher_interfaces/local/lib/python3.10/dist-packages/m3pro_teacher_interfaces/m3pro_teacher_interfaces_s__rosidl_typesupport_fastrtps_c.cpython-310-aarch64-linux-gnu.so
-- Up-to-date symlink: /root/Robotique-IOT/m3pro_teacher_ws/install/m3pro_teacher_interfaces/local/lib/python3.10/dist-packages/m3pro_teacher_interfaces/m3pro_teacher_interfaces_s__rosidl_typesupport_introspection_c.cpython-310-aarch64-linux-gnu.so
-- Up-to-date symlink: /root/Robotique-IOT/m3pro_teacher_ws/install/m3pro_teacher_interfaces/local/lib/python3.10/dist-packages/m3pro_teacher_interfaces/m3pro_teacher_interfaces_s__rosidl_typesupport_c.cpython-310-aarch64-linux-gnu.so
-- Symlinking: /root/Robotique-IOT/m3pro_teacher_ws/install/m3pro_teacher_interfaces/share/m3pro_teacher_interfaces/srv/SetJoint.idl
-- Symlinking: /root/Robotique-IOT/m3pro_teacher_ws/install/m3pro_teacher_interfaces/share/m3pro_teacher_interfaces/srv/SetJoints.idl
-- Symlinking: /root/Robotique-IOT/m3pro_teacher_ws/install/m3pro_teacher_interfaces/share/m3pro_teacher_interfaces/srv/Home.idl
-- Symlinking: /root/Robotique-IOT/m3pro_teacher_ws/install/m3pro_teacher_interfaces/share/m3pro_teacher_interfaces/srv/SetJoint.srv
-- Symlinking: /root/Robotique-IOT/m3pro_teacher_ws/install/m3pro_teacher_interfaces/share/m3pro_teacher_interfaces/srv/SetJoint_Request.msg
-- Symlinking: /root/Robotique-IOT/m3pro_teacher_ws/install/m3pro_teacher_interfaces/share/m3pro_teacher_interfaces/srv/SetJoint_Response.msg
-- Symlinking: /root/Robotique-IOT/m3pro_teacher_ws/install/m3pro_teacher_interfaces/share/m3pro_teacher_interfaces/srv/SetJoints.srv
-- Symlinking: /root/Robotique-IOT/m3pro_teacher_ws/install/m3pro_teacher_interfaces/share/m3pro_teacher_interfaces/srv/SetJoints_Request.msg
-- Symlinking: /root/Robotique-IOT/m3pro_teacher_ws/install/m3pro_teacher_interfaces/share/m3pro_teacher_interfaces/srv/SetJoints_Response.msg
-- Symlinking: /root/Robotique-IOT/m3pro_teacher_ws/install/m3pro_teacher_interfaces/share/m3pro_teacher_interfaces/srv/Home.srv
-- Symlinking: /root/Robotique-IOT/m3pro_teacher_ws/install/m3pro_teacher_interfaces/share/m3pro_teacher_interfaces/srv/Home_Request.msg
-- Symlinking: /root/Robotique-IOT/m3pro_teacher_ws/install/m3pro_teacher_interfaces/share/m3pro_teacher_interfaces/srv/Home_Response.msg
-- Symlinking: /root/Robotique-IOT/m3pro_teacher_ws/install/m3pro_teacher_interfaces/share/ament_index/resource_index/package_run_dependencies/m3pro_teacher_interfaces
-- Symlinking: /root/Robotique-IOT/m3pro_teacher_ws/install/m3pro_teacher_interfaces/share/ament_index/resource_index/parent_prefix_path/m3pro_teacher_interfaces
-- Symlinking: /root/Robotique-IOT/m3pro_teacher_ws/install/m3pro_teacher_interfaces/share/m3pro_teacher_interfaces/environment/ament_prefix_path.sh
-- Symlinking: /root/Robotique-IOT/m3pro_teacher_ws/install/m3pro_teacher_interfaces/share/m3pro_teacher_interfaces/environment/ament_prefix_path.dsv
-- Symlinking: /root/Robotique-IOT/m3pro_teacher_ws/install/m3pro_teacher_interfaces/share/m3pro_teacher_interfaces/environment/path.sh
-- Symlinking: /root/Robotique-IOT/m3pro_teacher_ws/install/m3pro_teacher_interfaces/share/m3pro_teacher_interfaces/environment/path.dsv
-- Symlinking: /root/Robotique-IOT/m3pro_teacher_ws/install/m3pro_teacher_interfaces/share/m3pro_teacher_interfaces/local_setup.bash
-- Symlinking: /root/Robotique-IOT/m3pro_teacher_ws/install/m3pro_teacher_interfaces/share/m3pro_teacher_interfaces/local_setup.sh
-- Symlinking: /root/Robotique-IOT/m3pro_teacher_ws/install/m3pro_teacher_interfaces/share/m3pro_teacher_interfaces/local_setup.zsh
-- Symlinking: /root/Robotique-IOT/m3pro_teacher_ws/install/m3pro_teacher_interfaces/share/m3pro_teacher_interfaces/local_setup.dsv
-- Symlinking: /root/Robotique-IOT/m3pro_teacher_ws/install/m3pro_teacher_interfaces/share/m3pro_teacher_interfaces/package.dsv
-- Symlinking: /root/Robotique-IOT/m3pro_teacher_ws/install/m3pro_teacher_interfaces/share/ament_index/resource_index/packages/m3pro_teacher_interfaces
-- Symlinking: /root/Robotique-IOT/m3pro_teacher_ws/install/m3pro_teacher_interfaces/share/m3pro_teacher_interfaces/cmake/rosidl_cmake-extras.cmake
-- Symlinking: /root/Robotique-IOT/m3pro_teacher_ws/install/m3pro_teacher_interfaces/share/m3pro_teacher_interfaces/cmake/ament_cmake_export_dependencies-extras.cmake
-- Symlinking: /root/Robotique-IOT/m3pro_teacher_ws/install/m3pro_teacher_interfaces/share/m3pro_teacher_interfaces/cmake/ament_cmake_export_include_directories-extras.cmake
-- Symlinking: /root/Robotique-IOT/m3pro_teacher_ws/install/m3pro_teacher_interfaces/share/m3pro_teacher_interfaces/cmake/ament_cmake_export_libraries-extras.cmake
-- Symlinking: /root/Robotique-IOT/m3pro_teacher_ws/install/m3pro_teacher_interfaces/share/m3pro_teacher_interfaces/cmake/ament_cmake_export_targets-extras.cmake
-- Symlinking: /root/Robotique-IOT/m3pro_teacher_ws/install/m3pro_teacher_interfaces/share/m3pro_teacher_interfaces/cmake/rosidl_cmake_export_typesupport_targets-extras.cmake
-- Symlinking: /root/Robotique-IOT/m3pro_teacher_ws/install/m3pro_teacher_interfaces/share/m3pro_teacher_interfaces/cmake/rosidl_cmake_export_typesupport_libraries-extras.cmake
-- Symlinking: /root/Robotique-IOT/m3pro_teacher_ws/install/m3pro_teacher_interfaces/share/m3pro_teacher_interfaces/cmake/m3pro_teacher_interfacesConfig.cmake
-- Symlinking: /root/Robotique-IOT/m3pro_teacher_ws/install/m3pro_teacher_interfaces/share/m3pro_teacher_interfaces/cmake/m3pro_teacher_interfacesConfig-version.cmake
-- Symlinking: /root/Robotique-IOT/m3pro_teacher_ws/install/m3pro_teacher_interfaces/share/m3pro_teacher_interfaces/package.xml
-- Installing: /root/Robotique-IOT/m3pro_teacher_ws/install/m3pro_teacher_interfaces/lib/libm3pro_teacher_interfaces__rosidl_generator_c.so
-- Set runtime path of "/root/Robotique-IOT/m3pro_teacher_ws/install/m3pro_teacher_interfaces/lib/libm3pro_teacher_interfaces__rosidl_generator_c.so" to ""
-- Installing: /root/Robotique-IOT/m3pro_teacher_ws/install/m3pro_teacher_interfaces/lib/libm3pro_teacher_interfaces__rosidl_typesupport_fastrtps_c.so
-- Set runtime path of "/root/Robotique-IOT/m3pro_teacher_ws/install/m3pro_teacher_interfaces/lib/libm3pro_teacher_interfaces__rosidl_typesupport_fastrtps_c.so" to ""
-- Installing: /root/Robotique-IOT/m3pro_teacher_ws/install/m3pro_teacher_interfaces/lib/libm3pro_teacher_interfaces__rosidl_typesupport_introspection_c.so
-- Set runtime path of "/root/Robotique-IOT/m3pro_teacher_ws/install/m3pro_teacher_interfaces/lib/libm3pro_teacher_interfaces__rosidl_typesupport_introspection_c.so" to ""
-- Installing: /root/Robotique-IOT/m3pro_teacher_ws/install/m3pro_teacher_interfaces/lib/libm3pro_teacher_interfaces__rosidl_typesupport_c.so
-- Set runtime path of "/root/Robotique-IOT/m3pro_teacher_ws/install/m3pro_teacher_interfaces/lib/libm3pro_teacher_interfaces__rosidl_typesupport_c.so" to ""
-- Installing: /root/Robotique-IOT/m3pro_teacher_ws/install/m3pro_teacher_interfaces/lib/libm3pro_teacher_interfaces__rosidl_typesupport_fastrtps_cpp.so
-- Set runtime path of "/root/Robotique-IOT/m3pro_teacher_ws/install/m3pro_teacher_interfaces/lib/libm3pro_teacher_interfaces__rosidl_typesupport_fastrtps_cpp.so" to ""
-- Installing: /root/Robotique-IOT/m3pro_teacher_ws/install/m3pro_teacher_interfaces/lib/libm3pro_teacher_interfaces__rosidl_typesupport_introspection_cpp.so
-- Set runtime path of "/root/Robotique-IOT/m3pro_teacher_ws/install/m3pro_teacher_interfaces/lib/libm3pro_teacher_interfaces__rosidl_typesupport_introspection_cpp.so" to ""
-- Installing: /root/Robotique-IOT/m3pro_teacher_ws/install/m3pro_teacher_interfaces/lib/libm3pro_teacher_interfaces__rosidl_typesupport_cpp.so
-- Set runtime path of "/root/Robotique-IOT/m3pro_teacher_ws/install/m3pro_teacher_interfaces/lib/libm3pro_teacher_interfaces__rosidl_typesupport_cpp.so" to ""
Listing '/root/Robotique-IOT/m3pro_teacher_ws/install/m3pro_teacher_interfaces/local/lib/python3.10/dist-packages/m3pro_teacher_interfaces'...
Compiling '/root/Robotique-IOT/m3pro_teacher_ws/install/m3pro_teacher_interfaces/local/lib/python3.10/dist-packages/m3pro_teacher_interfaces/__init__.py'...
Listing '/root/Robotique-IOT/m3pro_teacher_ws/install/m3pro_teacher_interfaces/local/lib/python3.10/dist-packages/m3pro_teacher_interfaces/srv'...
Compiling '/root/Robotique-IOT/m3pro_teacher_ws/install/m3pro_teacher_interfaces/local/lib/python3.10/dist-packages/m3pro_teacher_interfaces/srv/__init__.py'...
Compiling '/root/Robotique-IOT/m3pro_teacher_ws/install/m3pro_teacher_interfaces/local/lib/python3.10/dist-packages/m3pro_teacher_interfaces/srv/_home.py'...
Compiling '/root/Robotique-IOT/m3pro_teacher_ws/install/m3pro_teacher_interfaces/local/lib/python3.10/dist-packages/m3pro_teacher_interfaces/srv/_set_joint.py'...
Compiling '/root/Robotique-IOT/m3pro_teacher_ws/install/m3pro_teacher_interfaces/local/lib/python3.10/dist-packages/m3pro_teacher_interfaces/srv/_set_joints.py'...
-- Installing: /root/Robotique-IOT/m3pro_teacher_ws/install/m3pro_teacher_interfaces/lib/libm3pro_teacher_interfaces__rosidl_generator_py.so
-- Set runtime path of "/root/Robotique-IOT/m3pro_teacher_ws/install/m3pro_teacher_interfaces/lib/libm3pro_teacher_interfaces__rosidl_generator_py.so" to ""
-- Installing: /root/Robotique-IOT/m3pro_teacher_ws/install/m3pro_teacher_interfaces/share/m3pro_teacher_interfaces/cmake/export_m3pro_teacher_interfaces__rosidl_generator_cExport.cmake
-- Installing: /root/Robotique-IOT/m3pro_teacher_ws/install/m3pro_teacher_interfaces/share/m3pro_teacher_interfaces/cmake/export_m3pro_teacher_interfaces__rosidl_generator_cExport-noconfig.cmake
-- Installing: /root/Robotique-IOT/m3pro_teacher_ws/install/m3pro_teacher_interfaces/share/m3pro_teacher_interfaces/cmake/export_m3pro_teacher_interfaces__rosidl_typesupport_fastrtps_cExport.cmake
-- Installing: /root/Robotique-IOT/m3pro_teacher_ws/install/m3pro_teacher_interfaces/share/m3pro_teacher_interfaces/cmake/export_m3pro_teacher_interfaces__rosidl_typesupport_fastrtps_cExport-noconfig.cmake
-- Installing: /root/Robotique-IOT/m3pro_teacher_ws/install/m3pro_teacher_interfaces/share/m3pro_teacher_interfaces/cmake/m3pro_teacher_interfaces__rosidl_typesupport_introspection_cExport.cmake
-- Installing: /root/Robotique-IOT/m3pro_teacher_ws/install/m3pro_teacher_interfaces/share/m3pro_teacher_interfaces/cmake/m3pro_teacher_interfaces__rosidl_typesupport_introspection_cExport-noconfig.cmake
-- Installing: /root/Robotique-IOT/m3pro_teacher_ws/install/m3pro_teacher_interfaces/share/m3pro_teacher_interfaces/cmake/m3pro_teacher_interfaces__rosidl_typesupport_cExport.cmake
-- Installing: /root/Robotique-IOT/m3pro_teacher_ws/install/m3pro_teacher_interfaces/share/m3pro_teacher_interfaces/cmake/m3pro_teacher_interfaces__rosidl_typesupport_cExport-noconfig.cmake
-- Installing: /root/Robotique-IOT/m3pro_teacher_ws/install/m3pro_teacher_interfaces/share/m3pro_teacher_interfaces/cmake/export_m3pro_teacher_interfaces__rosidl_generator_cppExport.cmake
-- Installing: /root/Robotique-IOT/m3pro_teacher_ws/install/m3pro_teacher_interfaces/share/m3pro_teacher_interfaces/cmake/export_m3pro_teacher_interfaces__rosidl_typesupport_fastrtps_cppExport.cmake
-- Installing: /root/Robotique-IOT/m3pro_teacher_ws/install/m3pro_teacher_interfaces/share/m3pro_teacher_interfaces/cmake/export_m3pro_teacher_interfaces__rosidl_typesupport_fastrtps_cppExport-noconfig.cmake
-- Installing: /root/Robotique-IOT/m3pro_teacher_ws/install/m3pro_teacher_interfaces/share/m3pro_teacher_interfaces/cmake/m3pro_teacher_interfaces__rosidl_typesupport_introspection_cppExport.cmake
-- Installing: /root/Robotique-IOT/m3pro_teacher_ws/install/m3pro_teacher_interfaces/share/m3pro_teacher_interfaces/cmake/m3pro_teacher_interfaces__rosidl_typesupport_introspection_cppExport-noconfig.cmake
-- Installing: /root/Robotique-IOT/m3pro_teacher_ws/install/m3pro_teacher_interfaces/share/m3pro_teacher_interfaces/cmake/m3pro_teacher_interfaces__rosidl_typesupport_cppExport.cmake
-- Installing: /root/Robotique-IOT/m3pro_teacher_ws/install/m3pro_teacher_interfaces/share/m3pro_teacher_interfaces/cmake/m3pro_teacher_interfaces__rosidl_typesupport_cppExport-noconfig.cmake
-- Installing: /root/Robotique-IOT/m3pro_teacher_ws/install/m3pro_teacher_interfaces/share/m3pro_teacher_interfaces/cmake/export_m3pro_teacher_interfaces__rosidl_generator_pyExport.cmake
-- Installing: /root/Robotique-IOT/m3pro_teacher_ws/install/m3pro_teacher_interfaces/share/m3pro_teacher_interfaces/cmake/export_m3pro_teacher_interfaces__rosidl_generator_pyExport-noconfig.cmake
