[0.614s] Invoking command in '/root/Robotique-IOT/m3pro_teacher_ws/build/m3pro_teacher_description': CMAKE_PREFIX_PATH=${CMAKE_PREFIX_PATH}:/root/yahboomcar_ws/install/yahboomcar_mediapipe:/root/yahboomcar_ws/install/yahboomcar_ctrl:/root/yahboomcar_ws/install/yahboom_M3Pro_laser:/root/yahboomcar_ws/install/yahboom_M3Pro_description:/root/yahboomcar_ws/install/yahboom_M3Pro_DepthCam:/root/yahboomcar_ws/install/arm_driver:/root/yahboomcar_ws/install/M3Pro_demo:/root/yahboomcar_ws/install/M3Pro_MoveIt_demo:/root/M3Pro_ws/install/yahboom_multi:/root/M3Pro_ws/install/yahboom_app_save_map:/root/M3Pro_ws/install/text_chat:/root/M3Pro_ws/install/patrol:/root/M3Pro_ws/install/laserscan_to_point_publisher:/root/M3Pro_ws/install/largemodel_arm:/root/M3Pro_ws/install/largemodel:/root/M3Pro_ws/install/ekf_bringup:/root/M3Pro_ws/install/calibration:/opt/ros/humble /usr/bin/cmake /root/Robotique-IOT/m3pro_teacher_ws/src/m3pro_teacher_description -DAMENT_CMAKE_SYMLINK_INSTALL=1 -DCMAKE_INSTALL_PREFIX=/root/Robotique-IOT/m3pro_teacher_ws/install/m3pro_teacher_description
[2.091s] -- The C compiler identification is GNU 11.4.0
[3.141s] -- The CXX compiler identification is GNU 11.4.0
[3.179s] -- Detecting C compiler ABI info
[3.526s] -- Detecting C compiler ABI info - done
[3.561s] -- Check for working C compiler: /usr/bin/cc - skipped
[3.562s] -- Detecting C compile features
[3.565s] -- Detecting C compile features - done
[3.578s] -- Detecting CXX compiler ABI info
[3.889s] -- Detecting CXX compiler ABI info - done
[3.924s] -- Check for working CXX compiler: /usr/bin/c++ - skipped
[3.925s] -- Detecting CXX compile features
[3.926s] -- Detecting CXX compile features - done
[4.000s] -- Found ament_cmake: 1.3.6 (/opt/ros/humble/share/ament_cmake/cmake)
[5.269s] -- Found Python3: /usr/bin/python3.10 (found version "3.10.12") found components: Interpreter 
[5.645s] -- Override CMake install command with custom implementation using symlinks instead of copying resources
[6.819s] -- Configuring done
[6.830s] -- Generating done
[6.833s] -- Build files have been written to: /root/Robotique-IOT/m3pro_teacher_ws/build/m3pro_teacher_description
[6.849s] Invoked command in '/root/Robotique-IOT/m3pro_teacher_ws/build/m3pro_teacher_description' returned '0': CMAKE_PREFIX_PATH=${CMAKE_PREFIX_PATH}:/root/yahboomcar_ws/install/yahboomcar_mediapipe:/root/yahboomcar_ws/install/yahboomcar_ctrl:/root/yahboomcar_ws/install/yahboom_M3Pro_laser:/root/yahboomcar_ws/install/yahboom_M3Pro_description:/root/yahboomcar_ws/install/yahboom_M3Pro_DepthCam:/root/yahboomcar_ws/install/arm_driver:/root/yahboomcar_ws/install/M3Pro_demo:/root/yahboomcar_ws/install/M3Pro_MoveIt_demo:/root/M3Pro_ws/install/yahboom_multi:/root/M3Pro_ws/install/yahboom_app_save_map:/root/M3Pro_ws/install/text_chat:/root/M3Pro_ws/install/patrol:/root/M3Pro_ws/install/laserscan_to_point_publisher:/root/M3Pro_ws/install/largemodel_arm:/root/M3Pro_ws/install/largemodel:/root/M3Pro_ws/install/ekf_bringup:/root/M3Pro_ws/install/calibration:/opt/ros/humble /usr/bin/cmake /root/Robotique-IOT/m3pro_teacher_ws/src/m3pro_teacher_description -DAMENT_CMAKE_SYMLINK_INSTALL=1 -DCMAKE_INSTALL_PREFIX=/root/Robotique-IOT/m3pro_teacher_ws/install/m3pro_teacher_description
[6.856s] Invoking command in '/root/Robotique-IOT/m3pro_teacher_ws/build/m3pro_teacher_description': CMAKE_PREFIX_PATH=${CMAKE_PREFIX_PATH}:/root/yahboomcar_ws/install/yahboomcar_mediapipe:/root/yahboomcar_ws/install/yahboomcar_ctrl:/root/yahboomcar_ws/install/yahboom_M3Pro_laser:/root/yahboomcar_ws/install/yahboom_M3Pro_description:/root/yahboomcar_ws/install/yahboom_M3Pro_DepthCam:/root/yahboomcar_ws/install/arm_driver:/root/yahboomcar_ws/install/M3Pro_demo:/root/yahboomcar_ws/install/M3Pro_MoveIt_demo:/root/M3Pro_ws/install/yahboom_multi:/root/M3Pro_ws/install/yahboom_app_save_map:/root/M3Pro_ws/install/text_chat:/root/M3Pro_ws/install/patrol:/root/M3Pro_ws/install/laserscan_to_point_publisher:/root/M3Pro_ws/install/largemodel_arm:/root/M3Pro_ws/install/largemodel:/root/M3Pro_ws/install/ekf_bringup:/root/M3Pro_ws/install/calibration:/opt/ros/humble /usr/bin/cmake --build /root/Robotique-IOT/m3pro_teacher_ws/build/m3pro_teacher_description -- -j4 -l4
[6.990s] Invoked command in '/root/Robotique-IOT/m3pro_teacher_ws/build/m3pro_teacher_description' returned '0': CMAKE_PREFIX_PATH=${CMAKE_PREFIX_PATH}:/root/yahboomcar_ws/install/yahboomcar_mediapipe:/root/yahboomcar_ws/install/yahboomcar_ctrl:/root/yahboomcar_ws/install/yahboom_M3Pro_laser:/root/yahboomcar_ws/install/yahboom_M3Pro_description:/root/yahboomcar_ws/install/yahboom_M3Pro_DepthCam:/root/yahboomcar_ws/install/arm_driver:/root/yahboomcar_ws/install/M3Pro_demo:/root/yahboomcar_ws/install/M3Pro_MoveIt_demo:/root/M3Pro_ws/install/yahboom_multi:/root/M3Pro_ws/install/yahboom_app_save_map:/root/M3Pro_ws/install/text_chat:/root/M3Pro_ws/install/patrol:/root/M3Pro_ws/install/laserscan_to_point_publisher:/root/M3Pro_ws/install/largemodel_arm:/root/M3Pro_ws/install/largemodel:/root/M3Pro_ws/install/ekf_bringup:/root/M3Pro_ws/install/calibration:/opt/ros/humble /usr/bin/cmake --build /root/Robotique-IOT/m3pro_teacher_ws/build/m3pro_teacher_description -- -j4 -l4
[7.106s] Invoking command in '/root/Robotique-IOT/m3pro_teacher_ws/build/m3pro_teacher_description': CMAKE_PREFIX_PATH=${CMAKE_PREFIX_PATH}:/root/yahboomcar_ws/install/yahboomcar_mediapipe:/root/yahboomcar_ws/install/yahboomcar_ctrl:/root/yahboomcar_ws/install/yahboom_M3Pro_laser:/root/yahboomcar_ws/install/yahboom_M3Pro_description:/root/yahboomcar_ws/install/yahboom_M3Pro_DepthCam:/root/yahboomcar_ws/install/arm_driver:/root/yahboomcar_ws/install/M3Pro_demo:/root/yahboomcar_ws/install/M3Pro_MoveIt_demo:/root/M3Pro_ws/install/yahboom_multi:/root/M3Pro_ws/install/yahboom_app_save_map:/root/M3Pro_ws/install/text_chat:/root/M3Pro_ws/install/patrol:/root/M3Pro_ws/install/laserscan_to_point_publisher:/root/M3Pro_ws/install/largemodel_arm:/root/M3Pro_ws/install/largemodel:/root/M3Pro_ws/install/ekf_bringup:/root/M3Pro_ws/install/calibration:/opt/ros/humble /usr/bin/cmake --install /root/Robotique-IOT/m3pro_teacher_ws/build/m3pro_teacher_description
[7.136s] -- Install configuration: ""
[7.138s] -- Execute custom install script
[7.140s] -- Symlinking: /root/Robotique-IOT/m3pro_teacher_ws/install/m3pro_teacher_description/share/m3pro_teacher_description/launch/urdf_rviz_demo.launch.py
[7.172s] -- Symlinking: /root/Robotique-IOT/m3pro_teacher_ws/install/m3pro_teacher_description/share/m3pro_teacher_description/rviz/m3pro_teacher.rviz
[7.203s] -- Symlinking: /root/Robotique-IOT/m3pro_teacher_ws/install/m3pro_teacher_description/share/m3pro_teacher_description/urdf/m3pro_teacher.urdf.xacro
[7.233s] -- Symlinking: /root/Robotique-IOT/m3pro_teacher_ws/install/m3pro_teacher_description/share/ament_index/resource_index/package_run_dependencies/m3pro_teacher_description
[7.265s] -- Symlinking: /root/Robotique-IOT/m3pro_teacher_ws/install/m3pro_teacher_description/share/ament_index/resource_index/parent_prefix_path/m3pro_teacher_description
[7.299s] -- Symlinking: /root/Robotique-IOT/m3pro_teacher_ws/install/m3pro_teacher_description/share/m3pro_teacher_description/environment/ament_prefix_path.sh
[7.330s] -- Symlinking: /root/Robotique-IOT/m3pro_teacher_ws/install/m3pro_teacher_description/share/m3pro_teacher_description/environment/ament_prefix_path.dsv
[7.360s] -- Symlinking: /root/Robotique-IOT/m3pro_teacher_ws/install/m3pro_teacher_description/share/m3pro_teacher_description/environment/path.sh
[7.391s] -- Symlinking: /root/Robotique-IOT/m3pro_teacher_ws/install/m3pro_teacher_description/share/m3pro_teacher_description/environment/path.dsv
[7.421s] -- Symlinking: /root/Robotique-IOT/m3pro_teacher_ws/install/m3pro_teacher_description/share/m3pro_teacher_description/local_setup.bash
[7.454s] -- Symlinking: /root/Robotique-IOT/m3pro_teacher_ws/install/m3pro_teacher_description/share/m3pro_teacher_description/local_setup.sh
[7.485s] -- Symlinking: /root/Robotique-IOT/m3pro_teacher_ws/install/m3pro_teacher_description/share/m3pro_teacher_description/local_setup.zsh
[7.516s] -- Symlinking: /root/Robotique-IOT/m3pro_teacher_ws/install/m3pro_teacher_description/share/m3pro_teacher_description/local_setup.dsv
[7.547s] -- Symlinking: /root/Robotique-IOT/m3pro_teacher_ws/install/m3pro_teacher_description/share/m3pro_teacher_description/package.dsv
[7.578s] -- Symlinking: /root/Robotique-IOT/m3pro_teacher_ws/install/m3pro_teacher_description/share/ament_index/resource_index/packages/m3pro_teacher_description
[7.609s] -- Symlinking: /root/Robotique-IOT/m3pro_teacher_ws/install/m3pro_teacher_description/share/m3pro_teacher_description/cmake/m3pro_teacher_descriptionConfig.cmake
[7.641s] -- Symlinking: /root/Robotique-IOT/m3pro_teacher_ws/install/m3pro_teacher_description/share/m3pro_teacher_description/cmake/m3pro_teacher_descriptionConfig-version.cmake
[7.675s] -- Symlinking: /root/Robotique-IOT/m3pro_teacher_ws/install/m3pro_teacher_description/share/m3pro_teacher_description/package.xml
[7.716s] Invoked command in '/root/Robotique-IOT/m3pro_teacher_ws/build/m3pro_teacher_description' returned '0': CMAKE_PREFIX_PATH=${CMAKE_PREFIX_PATH}:/root/yahboomcar_ws/install/yahboomcar_mediapipe:/root/yahboomcar_ws/install/yahboomcar_ctrl:/root/yahboomcar_ws/install/yahboom_M3Pro_laser:/root/yahboomcar_ws/install/yahboom_M3Pro_description:/root/yahboomcar_ws/install/yahboom_M3Pro_DepthCam:/root/yahboomcar_ws/install/arm_driver:/root/yahboomcar_ws/install/M3Pro_demo:/root/yahboomcar_ws/install/M3Pro_MoveIt_demo:/root/M3Pro_ws/install/yahboom_multi:/root/M3Pro_ws/install/yahboom_app_save_map:/root/M3Pro_ws/install/text_chat:/root/M3Pro_ws/install/patrol:/root/M3Pro_ws/install/laserscan_to_point_publisher:/root/M3Pro_ws/install/largemodel_arm:/root/M3Pro_ws/install/largemodel:/root/M3Pro_ws/install/ekf_bringup:/root/M3Pro_ws/install/calibration:/opt/ros/humble /usr/bin/cmake --install /root/Robotique-IOT/m3pro_teacher_ws/build/m3pro_teacher_description
