[5.292s] Invoking command in '/root/Robotique-IOT/m3pro_teacher_ws/build/m3pro_teacher_vision': CMAKE_PREFIX_PATH=/root/Robotique-IOT/m3pro_teacher_ws/install/m3pro_teacher_interfaces:/root/Robotique-IOT/m3pro_teacher_ws/install/m3pro_teacher_nav:/root/Robotique-IOT/m3pro_teacher_ws/install/m3pro_teacher_description:/root/yahboomcar_ws/install/yahboomcar_msgs:/root/yahboomcar_ws/install/M3Pro_config:/root/yahboomcar_ws/install/test_config:/root/yahboomcar_ws/install/orbbec_description:/root/yahboomcar_ws/install/orbbec_camera:/root/yahboomcar_ws/install/orbbec_camera_msgs:/root/yahboomcar_ws/install/arm_msgs:/root/yahboomcar_ws/install/arm_kin:/root/yahboomcar_ws/install/M3Pro_KCF:/root/yahboomcar_ws/install/arm_interface:/root/M3Pro_ws/install/yahboom_web_savmap_interfaces:/root/M3Pro_ws/install/yahboom_mapping:/root/M3Pro_ws/install/yahboom_laser_filter:/root/M3Pro_ws/install/updatecostmap:/root/M3Pro_ws/install/slam_mapping:/root/M3Pro_ws/install/slam_gmapping:/root/M3Pro_ws/install/imu_tools:/root/M3Pro_ws/install/rviz_imu_plugin:/root/M3Pro_ws/install/robot_pose_publisher_ros2:/root/M3Pro_ws/install/openslam_gmapping:/root/M3Pro_ws/install/ira_laser_tools:/root/M3Pro_ws/install/interfaces:/root/M3Pro_ws/install/imu_filter_madgwick:/root/M3Pro_ws/install/imu_complementary_filter:/root/M3Pro_ws/install/M3Pro_navigation:/root/M3Pro_ws/install/M3Pro_KCF:/root/M3Pro_ws/install/M3Pro PYTHONPATH=/root/Robotique-IOT/m3pro_teacher_ws/build/m3pro_teacher_vision/prefix_override:/root/Robotique-IOT/m3pro_teacher_ws/install/m3pro_teacher_vision/lib/python3.10/site-packages:${PYTHONPATH} /usr/bin/python3 setup.py develop --editable --build-directory /root/Robotique-IOT/m3pro_teacher_ws/build/m3pro_teacher_vision/build --no-deps install_data
[6.937s] running develop
[6.939s] /usr/lib/python3/dist-packages/setuptools/command/easy_install.py:158: EasyInstallDeprecationWarning: easy_install command is deprecated. Use build and pip and other standards-based tools.
[6.939s]   warnings.warn(
[6.947s] /usr/lib/python3/dist-packages/setuptools/command/install.py:34: SetuptoolsDeprecationWarning: setup.py install is deprecated. Use build and pip and other standards-based tools.
[6.947s]   warnings.warn(
[8.103s] running egg_info
[8.104s] writing m3pro_teacher_vision.egg-info/PKG-INFO
[8.105s] writing dependency_links to m3pro_teacher_vision.egg-info/dependency_links.txt
[8.106s] writing entry points to m3pro_teacher_vision.egg-info/entry_points.txt
[8.106s] writing requirements to m3pro_teacher_vision.egg-info/requires.txt
[8.107s] writing top-level names to m3pro_teacher_vision.egg-info/top_level.txt
[8.115s] reading manifest file 'm3pro_teacher_vision.egg-info/SOURCES.txt'
[8.119s] writing manifest file 'm3pro_teacher_vision.egg-info/SOURCES.txt'
[8.128s] running build_ext
[8.129s] Creating /root/Robotique-IOT/m3pro_teacher_ws/install/m3pro_teacher_vision/lib/python3.10/site-packages/m3pro-teacher-vision.egg-link (link to .)
[8.133s] Installing camera_obstacle_node script to /root/Robotique-IOT/m3pro_teacher_ws/install/m3pro_teacher_vision/bin
[8.133s] Installing mission_executor_node script to /root/Robotique-IOT/m3pro_teacher_ws/install/m3pro_teacher_vision/bin
[8.134s] Installing object_detector_node script to /root/Robotique-IOT/m3pro_teacher_ws/install/m3pro_teacher_vision/bin
[8.134s] Installing pick_and_place_node script to /root/Robotique-IOT/m3pro_teacher_ws/install/m3pro_teacher_vision/bin
[8.134s] Installing qr_code_reader_node script to /root/Robotique-IOT/m3pro_teacher_ws/install/m3pro_teacher_vision/bin
[8.135s] 
[8.136s] Installed /root/Robotique-IOT/m3pro_teacher_ws/build/m3pro_teacher_vision
[8.136s] running install_data
[8.283s] Invoked command in '/root/Robotique-IOT/m3pro_teacher_ws/build/m3pro_teacher_vision' returned '0': CMAKE_PREFIX_PATH=/root/Robotique-IOT/m3pro_teacher_ws/install/m3pro_teacher_interfaces:/root/Robotique-IOT/m3pro_teacher_ws/install/m3pro_teacher_nav:/root/Robotique-IOT/m3pro_teacher_ws/install/m3pro_teacher_description:/root/yahboomcar_ws/install/yahboomcar_msgs:/root/yahboomcar_ws/install/M3Pro_config:/root/yahboomcar_ws/install/test_config:/root/yahboomcar_ws/install/orbbec_description:/root/yahboomcar_ws/install/orbbec_camera:/root/yahboomcar_ws/install/orbbec_camera_msgs:/root/yahboomcar_ws/install/arm_msgs:/root/yahboomcar_ws/install/arm_kin:/root/yahboomcar_ws/install/M3Pro_KCF:/root/yahboomcar_ws/install/arm_interface:/root/M3Pro_ws/install/yahboom_web_savmap_interfaces:/root/M3Pro_ws/install/yahboom_mapping:/root/M3Pro_ws/install/yahboom_laser_filter:/root/M3Pro_ws/install/updatecostmap:/root/M3Pro_ws/install/slam_mapping:/root/M3Pro_ws/install/slam_gmapping:/root/M3Pro_ws/install/imu_tools:/root/M3Pro_ws/install/rviz_imu_plugin:/root/M3Pro_ws/install/robot_pose_publisher_ros2:/root/M3Pro_ws/install/openslam_gmapping:/root/M3Pro_ws/install/ira_laser_tools:/root/M3Pro_ws/install/interfaces:/root/M3Pro_ws/install/imu_filter_madgwick:/root/M3Pro_ws/install/imu_complementary_filter:/root/M3Pro_ws/install/M3Pro_navigation:/root/M3Pro_ws/install/M3Pro_KCF:/root/M3Pro_ws/install/M3Pro PYTHONPATH=/root/Robotique-IOT/m3pro_teacher_ws/build/m3pro_teacher_vision/prefix_override:/root/Robotique-IOT/m3pro_teacher_ws/install/m3pro_teacher_vision/lib/python3.10/site-packages:${PYTHONPATH} /usr/bin/python3 setup.py develop --editable --build-directory /root/Robotique-IOT/m3pro_teacher_ws/build/m3pro_teacher_vision/build --no-deps install_data
