running develop
/usr/lib/python3/dist-packages/setuptools/command/easy_install.py:158: EasyInstallDeprecationWarning: easy_install command is deprecated. Use build and pip and other standards-based tools.
  warnings.warn(
/usr/lib/python3/dist-packages/setuptools/command/install.py:34: SetuptoolsDeprecationWarning: setup.py install is deprecated. Use build and pip and other standards-based tools.
  warnings.warn(
running egg_info
creating m3pro_teacher_demos.egg-info
writing m3pro_teacher_demos.egg-info/PKG-INFO
writing dependency_links to m3pro_teacher_demos.egg-info/dependency_links.txt
writing entry points to m3pro_teacher_demos.egg-info/entry_points.txt
writing requirements to m3pro_teacher_demos.egg-info/requires.txt
writing top-level names to m3pro_teacher_demos.egg-info/top_level.txt
writing manifest file 'm3pro_teacher_demos.egg-info/SOURCES.txt'
reading manifest file 'm3pro_teacher_demos.egg-info/SOURCES.txt'
writing manifest file 'm3pro_teacher_demos.egg-info/SOURCES.txt'
running build_ext
Creating /root/Robotique-IOT/m3pro_teacher_ws/install/m3pro_teacher_demos/lib/python3.10/site-packages/m3pro-teacher-demos.egg-link (link to .)
Installing arm_joint_state_bridge_demo script to /root/Robotique-IOT/m3pro_teacher_ws/install/m3pro_teacher_demos/lib/m3pro_teacher_demos
Installing arm_manual_control_node script to /root/Robotique-IOT/m3pro_teacher_ws/install/m3pro_teacher_demos/lib/m3pro_teacher_demos
Installing frontier_explorer_demo script to /root/Robotique-IOT/m3pro_teacher_ws/install/m3pro_teacher_demos/lib/m3pro_teacher_demos
Installing odom_raw_bridge script to /root/Robotique-IOT/m3pro_teacher_ws/install/m3pro_teacher_demos/lib/m3pro_teacher_demos
Installing sensor_fusion_rgb_demo script to /root/Robotique-IOT/m3pro_teacher_ws/install/m3pro_teacher_demos/lib/m3pro_teacher_demos
Installing tf2_sensor_frames_demo script to /root/Robotique-IOT/m3pro_teacher_ws/install/m3pro_teacher_demos/lib/m3pro_teacher_demos

Installed /root/Robotique-IOT/m3pro_teacher_ws/build/m3pro_teacher_demos
running install_data
creating /root/Robotique-IOT/m3pro_teacher_ws/install/m3pro_teacher_demos/share/ament_index
creating /root/Robotique-IOT/m3pro_teacher_ws/install/m3pro_teacher_demos/share/ament_index/resource_index
creating /root/Robotique-IOT/m3pro_teacher_ws/install/m3pro_teacher_demos/share/ament_index/resource_index/packages
copying resource/m3pro_teacher_demos -> /root/Robotique-IOT/m3pro_teacher_ws/install/m3pro_teacher_demos/share/ament_index/resource_index/packages
copying package.xml -> /root/Robotique-IOT/m3pro_teacher_ws/install/m3pro_teacher_demos/share/m3pro_teacher_demos
creating /root/Robotique-IOT/m3pro_teacher_ws/install/m3pro_teacher_demos/share/m3pro_teacher_demos/launch
copying launch/sim_showcase.launch.py -> /root/Robotique-IOT/m3pro_teacher_ws/install/m3pro_teacher_demos/share/m3pro_teacher_demos/launch
copying launch/live_showcase.launch.py -> /root/Robotique-IOT/m3pro_teacher_ws/install/m3pro_teacher_demos/share/m3pro_teacher_demos/launch
creating /root/Robotique-IOT/m3pro_teacher_ws/install/m3pro_teacher_demos/share/m3pro_teacher_demos/scripts
copying scripts/arm_control_cli.py -> /root/Robotique-IOT/m3pro_teacher_ws/install/m3pro_teacher_demos/share/m3pro_teacher_demos/scripts
